Archive member included to satisfy reference by file (symbol)

/home/himanshu/Documents/lpcxpresso54114_ctimer_pwm_example_Robot/libs/libpower_cm4_hardabi.a(fsl_power_lib.o)
                              ./drivers/fsl_clock.o (POWER_SetVoltageForFreq)
/usr/local/mcuxpressoide-10.3.1_2233/ide/plugins/com.nxp.mcuxpresso.tools.linux_10.3.0.201811011841/tools/bin/../lib/gcc/arm-none-eabi/7.3.1/../../../../arm-none-eabi/lib/thumb/v7e-m/fpv4-sp/hard/libcr_semihost_nf.a(_cr__main.o)
                              ./startup/startup_lpc5411x.o (__main)
/usr/local/mcuxpressoide-10.3.1_2233/ide/plugins/com.nxp.mcuxpresso.tools.linux_10.3.0.201811011841/tools/bin/../lib/gcc/arm-none-eabi/7.3.1/../../../../arm-none-eabi/lib/thumb/v7e-m/fpv4-sp/hard/libcr_semihost_nf.a(_cr_assert.o)
                              ./utilities/fsl_debug_console.o (__assertion_failed)
/usr/local/mcuxpressoide-10.3.1_2233/ide/plugins/com.nxp.mcuxpresso.tools.linux_10.3.0.201811011841/tools/bin/../lib/gcc/arm-none-eabi/7.3.1/../../../../arm-none-eabi/lib/thumb/v7e-m/fpv4-sp/hard/libcr_semihost_nf.a(__ciob.o)
                              /usr/local/mcuxpressoide-10.3.1_2233/ide/plugins/com.nxp.mcuxpresso.tools.linux_10.3.0.201811011841/tools/bin/../lib/gcc/arm-none-eabi/7.3.1/../../../../arm-none-eabi/lib/thumb/v7e-m/fpv4-sp/hard/libcr_semihost_nf.a(_cr_assert.o) (__Ciob)
/usr/local/mcuxpressoide-10.3.1_2233/ide/plugins/com.nxp.mcuxpresso.tools.linux_10.3.0.201811011841/tools/bin/../lib/gcc/arm-none-eabi/7.3.1/../../../../arm-none-eabi/lib/thumb/v7e-m/fpv4-sp/hard/libcr_semihost_nf.a(__sys_appexit.o)
                              /usr/local/mcuxpressoide-10.3.1_2233/ide/plugins/com.nxp.mcuxpresso.tools.linux_10.3.0.201811011841/tools/bin/../lib/gcc/arm-none-eabi/7.3.1/../../../../arm-none-eabi/lib/thumb/v7e-m/fpv4-sp/hard/libcr_semihost_nf.a(_cr_assert.o) (__sys_appexit)
/usr/local/mcuxpressoide-10.3.1_2233/ide/plugins/com.nxp.mcuxpresso.tools.linux_10.3.0.201811011841/tools/bin/../lib/gcc/arm-none-eabi/7.3.1/../../../../arm-none-eabi/lib/thumb/v7e-m/fpv4-sp/hard/libcr_c.a(memcpy.o)
                              /home/himanshu/Documents/lpcxpresso54114_ctimer_pwm_example_Robot/libs/libpower_cm4_hardabi.a(fsl_power_lib.o) (memcpy)
/usr/local/mcuxpressoide-10.3.1_2233/ide/plugins/com.nxp.mcuxpresso.tools.linux_10.3.0.201811011841/tools/bin/../lib/gcc/arm-none-eabi/7.3.1/../../../../arm-none-eabi/lib/thumb/v7e-m/fpv4-sp/hard/libcr_c.a(memset.o)
                              ./utilities/fsl_debug_console.o (memset)
/usr/local/mcuxpressoide-10.3.1_2233/ide/plugins/com.nxp.mcuxpresso.tools.linux_10.3.0.201811011841/tools/bin/../lib/gcc/arm-none-eabi/7.3.1/../../../../arm-none-eabi/lib/thumb/v7e-m/fpv4-sp/hard/libcr_c.a(_deferredlazyseek.o)
                              /usr/local/mcuxpressoide-10.3.1_2233/ide/plugins/com.nxp.mcuxpresso.tools.linux_10.3.0.201811011841/tools/bin/../lib/gcc/arm-none-eabi/7.3.1/../../../../arm-none-eabi/lib/thumb/v7e-m/fpv4-sp/hard/libcr_semihost_nf.a(_cr_assert.o) (__flsbuf)
/usr/local/mcuxpressoide-10.3.1_2233/ide/plugins/com.nxp.mcuxpresso.tools.linux_10.3.0.201811011841/tools/bin/../lib/gcc/arm-none-eabi/7.3.1/../../../../arm-none-eabi/lib/thumb/v7e-m/fpv4-sp/hard/libcr_c.a(_fflush.o)
                              /usr/local/mcuxpressoide-10.3.1_2233/ide/plugins/com.nxp.mcuxpresso.tools.linux_10.3.0.201811011841/tools/bin/../lib/gcc/arm-none-eabi/7.3.1/../../../../arm-none-eabi/lib/thumb/v7e-m/fpv4-sp/hard/libcr_c.a(_deferredlazyseek.o) (_fflush)
/usr/local/mcuxpressoide-10.3.1_2233/ide/plugins/com.nxp.mcuxpresso.tools.linux_10.3.0.201811011841/tools/bin/../lib/gcc/arm-none-eabi/7.3.1/../../../../arm-none-eabi/lib/thumb/v7e-m/fpv4-sp/hard/libcr_c.a(_writebuf.o)
                              /usr/local/mcuxpressoide-10.3.1_2233/ide/plugins/com.nxp.mcuxpresso.tools.linux_10.3.0.201811011841/tools/bin/../lib/gcc/arm-none-eabi/7.3.1/../../../../arm-none-eabi/lib/thumb/v7e-m/fpv4-sp/hard/libcr_c.a(_deferredlazyseek.o) (_Cwritebuf)
/usr/local/mcuxpressoide-10.3.1_2233/ide/plugins/com.nxp.mcuxpresso.tools.linux_10.3.0.201811011841/tools/bin/../lib/gcc/arm-none-eabi/7.3.1/../../../../arm-none-eabi/lib/thumb/v7e-m/fpv4-sp/hard/libcr_c.a(alloc.o)
                              ./drivers/fsl_common.o (malloc)
/usr/local/mcuxpressoide-10.3.1_2233/ide/plugins/com.nxp.mcuxpresso.tools.linux_10.3.0.201811011841/tools/bin/../lib/gcc/arm-none-eabi/7.3.1/../../../../arm-none-eabi/lib/thumb/v7e-m/fpv4-sp/hard/libcr_c.a(fputs.o)
                              /usr/local/mcuxpressoide-10.3.1_2233/ide/plugins/com.nxp.mcuxpresso.tools.linux_10.3.0.201811011841/tools/bin/../lib/gcc/arm-none-eabi/7.3.1/../../../../arm-none-eabi/lib/thumb/v7e-m/fpv4-sp/hard/libcr_semihost_nf.a(_cr_assert.o) (fputs)
/usr/local/mcuxpressoide-10.3.1_2233/ide/plugins/com.nxp.mcuxpresso.tools.linux_10.3.0.201811011841/tools/bin/../lib/gcc/arm-none-eabi/7.3.1/../../../../arm-none-eabi/lib/thumb/v7e-m/fpv4-sp/hard/libcr_c.a(fseek.o)
[...]
Memory Configuration

Name             Origin             Length             Attributes
PROGRAM_FLASH    0x0000000000000000 0x0000000000040000 xr
SRAM1            0x0000000020010000 0x0000000000010000 xrw
SRAM0            0x0000000020000000 0x0000000000010000 xrw
SRAMX            0x0000000004000000 0x0000000000008000 xrw
SRAM2            0x0000000020020000 0x0000000000008000 xrw
*default*        0x0000000000000000 0xffffffffffffffff

Linker script and memory map

LOAD ./utilities/fsl_assert.o
LOAD ./utilities/fsl_debug_console.o
LOAD ./utilities/fsl_str.o
LOAD ./startup/boot_multicore_slave.o
LOAD ./startup/startup_lpc5411x.o
LOAD ./source/semihost_hardfault.o
LOAD ./source/simple_pwm.o
LOAD ./drivers/fsl_clock.o
LOAD ./drivers/fsl_common.o
LOAD ./drivers/fsl_ctimer.o
LOAD ./drivers/fsl_flexcomm.o
LOAD ./drivers/fsl_gpio.o
LOAD ./drivers/fsl_inputmux.o
LOAD ./drivers/fsl_power.o
LOAD ./drivers/fsl_reset.o
LOAD ./drivers/fsl_usart.o
LOAD ./device/system_LPC54114_cm4.o
LOAD ./component/uart/usart_adapter.o
LOAD ./component/serial_manager/serial_manager.o
LOAD ./component/serial_manager/serial_port_uart.o
LOAD ./component/lists/generic_list.o
LOAD ./board/board.o
LOAD ./board/clock_config.o
LOAD ./board/pin_mux.o
LOAD /home/himanshu/Documents/lpcxpresso54114_ctimer_pwm_example_Robot/libs/libpower_cm4_hardabi.a
START GROUP
LOAD /usr/local/mcuxpressoide-10.3.1_2233/ide/plugins/com.nxp.mcuxpresso.tools.linux_10.3.0.201811011841/tools/bin/../lib/gcc/arm-none-eabi/7.3.1/../../../../arm-none-eabi/lib/thumb/v7e-m/fpv4-sp/hard/libcr_semihost_nf.a
LOAD /usr/local/mcuxpressoide-10.3.1_2233/ide/plugins/com.nxp.mcuxpresso.tools.linux_10.3.0.201811011841/tools/bin/../lib/gcc/arm-none-eabi/7.3.1/../../../../arm-none-eabi/lib/thumb/v7e-m/fpv4-sp/hard/libcr_c.a
LOAD /usr/local/mcuxpressoide-10.3.1_2233/ide/plugins/com.nxp.mcuxpresso.tools.linux_10.3.0.201811011841/tools/bin/../lib/gcc/arm-none-eabi/7.3.1/thumb/v7e-m/fpv4-sp/hard/libcr_eabihelpers.a
LOAD /usr/local/mcuxpressoide-10.3.1_2233/ide/plugins/com.nxp.mcuxpresso.tools.linux_10.3.0.201811011841/tools/bin/../lib/gcc/arm-none-eabi/7.3.1/thumb/v7e-m/fpv4-sp/hard/libgcc.a
END GROUP
                0x0000000000000000                __base_PROGRAM_FLASH = 0x0
                0x0000000000000000                __base_Flash = 0x0
                0x0000000000040000                __top_PROGRAM_FLASH = 0x40000
                0x0000000000040000                __top_Flash = 0x40000
                0x0000000020010000                __base_SRAM1 = 0x20010000
                0x0000000020010000                __base_RAM = 0x20010000
                0x0000000020020000                __top_SRAM1 = 0x20020000
                0x0000000020020000                __top_RAM = 0x20020000
                0x0000000020000000                __base_SRAM0 = 0x20000000
                0x0000000020000000                __base_RAM2 = 0x20000000
                0x0000000020010000                __top_SRAM0 = 0x20010000
                0x0000000020010000                __top_RAM2 = 0x20010000
                0x0000000004000000                __base_SRAMX = 0x4000000
                0x0000000004000000                __base_RAM3 = 0x4000000
                0x0000000004008000                __top_SRAMX = 0x4008000
                0x0000000004008000                __top_RAM3 = 0x4008000
                0x0000000020020000                __base_SRAM2 = 0x20020000
                0x0000000020020000                __base_RAM4 = 0x20020000
                0x0000000020028000                __top_SRAM2 = 0x20028000
                0x0000000020028000                __top_RAM4 = 0x20028000

.text           0x0000000000000000     0x49e0
 FILL mask 0xff
                0x0000000000000000                __vectors_start__ = ABSOLUTE (.)
 *(SORT_BY_ALIGNMENT(.isr_vector))
 .isr_vector    0x0000000000000000       0xe0 ./startup/startup_lpc5411x.o
                0x0000000000000000                __Vectors
                0x0000000000000000                g_pfnVectors
                0x00000000000000e0                . = ALIGN (0x4)
                0x00000000000000e0                __section_table_start = .
                0x00000000000000e0                __data_section_table = .
                0x00000000000000e0        0x4 LONG 0x49e0 LOADADDR (.data)
                0x00000000000000e4        0x4 LONG 0x20010000 ADDR (.data)
                0x00000000000000e8        0x4 LONG 0x4 SIZEOF (.data)
                0x00000000000000ec        0x4 LONG 0x49e0 LOADADDR (.data_RAM2)
                0x00000000000000f0        0x4 LONG 0x20000000 ADDR (.data_RAM2)
                0x00000000000000f4        0x4 LONG 0x0 SIZEOF (.data_RAM2)
                0x00000000000000f8        0x4 LONG 0x49e0 LOADADDR (.data_RAM3)
                0x00000000000000fc        0x4 LONG 0x4000000 ADDR (.data_RAM3)
                0x0000000000000100        0x4 LONG 0x0 SIZEOF (.data_RAM3)
                0x0000000000000104        0x4 LONG 0x49e0 LOADADDR (.data_RAM4)
                0x0000000000000108        0x4 LONG 0x20020000 ADDR (.data_RAM4)
                0x000000000000010c        0x4 LONG 0x0 SIZEOF (.data_RAM4)
                0x0000000000000110                __data_section_table_end = .
                0x0000000000000110                __bss_section_table = .
                0x0000000000000110        0x4 LONG 0x20010004 ADDR (.bss)
                0x0000000000000114        0x4 LONG 0x150 SIZEOF (.bss)
                0x0000000000000118        0x4 LONG 0x20000000 ADDR (.bss_RAM2)
                0x000000000000011c        0x4 LONG 0x0 SIZEOF (.bss_RAM2)
                0x0000000000000120        0x4 LONG 0x4000000 ADDR (.bss_RAM3)
                0x0000000000000124        0x4 LONG 0x0 SIZEOF (.bss_RAM3)
                0x0000000000000128        0x4 LONG 0x20020000 ADDR (.bss_RAM4)
                0x000000000000012c        0x4 LONG 0x0 SIZEOF (.bss_RAM4)
                0x0000000000000130                __bss_section_table_end = .
                0x0000000000000130                __section_table_end = .
 *(SORT_BY_ALIGNMENT(.after_vectors*))
 .after_vectors.reset
                0x0000000000000130       0x58 ./startup/startup_lpc5411x.o
                0x0000000000000130                ResetISR
 .after_vectors.init_data
                0x0000000000000188       0x1e ./startup/startup_lpc5411x.o
                0x0000000000000188                data_init
 .after_vectors.init_bss
                0x00000000000001a6       0x12 ./startup/startup_lpc5411x.o
                0x00000000000001a6                bss_init
 .after_vectors
                0x00000000000001b8       0x14 ./startup/startup_lpc5411x.o
                0x00000000000001b8                NMI_Handler
                0x00000000000001bc                SVC_Handler
                0x00000000000001be                PendSV_Handler
                0x00000000000001c0                SysTick_Handler
                0x00000000000001c2                MemManage_Handler
                0x00000000000001c4                BusFault_Handler
                0x00000000000001c6                UsageFault_Handler
                0x00000000000001c8                DebugMon_Handler
                0x00000000000001ca                DMA0_DriverIRQHandler
                0x00000000000001ca                PIN_INT3_DriverIRQHandler
                0x00000000000001ca                PIN_INT2_DriverIRQHandler
                0x00000000000001ca                PIN_INT0_DriverIRQHandler
                0x00000000000001ca                SPIFI0_DriverIRQHandler
                0x00000000000001ca                IntDefaultHandler
                0x00000000000001ca                USB0_DriverIRQHandler
                0x00000000000001ca                MRT0_DriverIRQHandler
                0x00000000000001ca                UTICK0_DriverIRQHandler
                0x00000000000001ca                DMIC0_DriverIRQHandler
                0x00000000000001ca                PIN_INT4_DriverIRQHandler
                0x00000000000001ca                PIN_INT5_DriverIRQHandler
                0x00000000000001ca                ADC0_THCMP_DriverIRQHandler
                0x00000000000001ca                GINT1_DriverIRQHandler
                0x00000000000001ca                PIN_INT7_DriverIRQHandler
                0x00000000000001ca                IOH_DriverIRQHandler
                0x00000000000001ca                USB0_NEEDCLK_DriverIRQHandler
                0x00000000000001ca                ADC0_SEQB_DriverIRQHandler
                0x00000000000001ca                PIN_INT6_DriverIRQHandler
                0x00000000000001ca                MAILBOX_DriverIRQHandler
                0x00000000000001ca                PIN_INT1_DriverIRQHandler
                0x00000000000001ca                HWVAD0_DriverIRQHandler
                0x00000000000001ca                RTC_DriverIRQHandler
                0x00000000000001ca                Reserved54_DriverIRQHandler
                0x00000000000001ca                ADC0_SEQA_DriverIRQHandler
                0x00000000000001ca                GINT0_DriverIRQHandler
                0x00000000000001ca                WDT_BOD_DriverIRQHandler
                0x00000000000001ca                SCT0_DriverIRQHandler
 *(SORT_BY_ALIGNMENT(.text*))
 .text.DbgConsole_Init
                0x00000000000001cc       0xf8 ./utilities/fsl_debug_console.o
                0x00000000000001cc                DbgConsole_Init
 .text.ResetISR2
                0x00000000000002c4       0x78 ./startup/startup_lpc5411x.o
                0x00000000000002c4                ResetISR2
 .text.CTIMER_GetPwmPeriodValue
                0x000000000000033c       0x64 ./source/simple_pwm.o
                0x000000000000033c                CTIMER_GetPwmPeriodValue
 .text.main     0x00000000000003a0       0x90 ./source/simple_pwm.o
                0x00000000000003a0                main
 .text.CLOCK_GetAsyncApbClkSrc
                0x0000000000000430       0x20 ./drivers/fsl_clock.o
 .text.CLOCK_AttachClk
                0x0000000000000450       0x88 ./drivers/fsl_clock.o
                0x0000000000000450                CLOCK_AttachClk
 .text.CLOCK_SetClkDiv
                0x00000000000004d8       0x5c ./drivers/fsl_clock.o
                0x00000000000004d8                CLOCK_SetClkDiv
 .text.CLOCK_SetupFROClocking
                0x0000000000000534       0xc8 ./drivers/fsl_clock.o
                0x0000000000000534                CLOCK_SetupFROClocking
 .text.CLOCK_GetFro12MFreq
                0x00000000000005fc       0x28 ./drivers/fsl_clock.o
                0x00000000000005fc                CLOCK_GetFro12MFreq
 .text.CLOCK_GetWdtOscFreq
                0x0000000000000624       0x68 ./drivers/fsl_clock.o
                0x0000000000000624                CLOCK_GetWdtOscFreq
 .text.CLOCK_GetFroHfFreq
                0x000000000000068c       0x50 ./drivers/fsl_clock.o
                0x000000000000068c                CLOCK_GetFroHfFreq
 .text.CLOCK_GetPllOutFreq
                0x00000000000006dc       0x18 ./drivers/fsl_clock.o
                0x00000000000006dc                CLOCK_GetPllOutFreq
 .text.CLOCK_GetI2SMClkFreq
                0x00000000000006f4       0x18 ./drivers/fsl_clock.o
                0x00000000000006f4                CLOCK_GetI2SMClkFreq
 .text.CLOCK_GetAsyncApbClkFreq
                0x000000000000070c       0x3c ./drivers/fsl_clock.o
                0x000000000000070c                CLOCK_GetAsyncApbClkFreq
 .text.CLOCK_GetFlexCommClkFreq
                0x0000000000000748       0x6c ./drivers/fsl_clock.o
                0x0000000000000748                CLOCK_GetFlexCommClkFreq
 .text.CLOCK_GetFRGInputClock
                0x00000000000007b4       0x58 ./drivers/fsl_clock.o
                0x00000000000007b4                CLOCK_GetFRGInputClock
 .text.CLOCK_GetDmicClkFreq
                0x000000000000080c       0x80 ./drivers/fsl_clock.o
                0x000000000000080c                CLOCK_GetDmicClkFreq
 .text.CLOCK_GetFreq
                0x000000000000088c      0x134 ./drivers/fsl_clock.o
                0x000000000000088c                CLOCK_GetFreq
 .text.CLOCK_SetFLASHAccessCyclesForFreq
                0x00000000000009c0       0x68 ./drivers/fsl_clock.o
                0x00000000000009c0                CLOCK_SetFLASHAccessCyclesForFreq
 .text.__NVIC_EnableIRQ
                0x0000000000000a28       0x3c ./drivers/fsl_ctimer.o
 .text.CLOCK_EnableClock
                0x0000000000000a64       0x4c ./drivers/fsl_ctimer.o
 .text.CTIMER_GetInstance
                0x0000000000000ab0       0x54 ./drivers/fsl_ctimer.o
 .text.CTIMER_Init
                0x0000000000000b04       0x5c ./drivers/fsl_ctimer.o
                0x0000000000000b04                CTIMER_Init
 .text.CTIMER_GetDefaultConfig
                0x0000000000000b60       0x3c ./drivers/fsl_ctimer.o
                0x0000000000000b60                CTIMER_GetDefaultConfig
 .text.CTIMER_SetupPwmPeriod
                0x0000000000000b9c       0xc4 ./drivers/fsl_ctimer.o
                0x0000000000000b9c                CTIMER_SetupPwmPeriod
 .text.CTIMER_GenericIRQHandler
                0x0000000000000c60       0xb8 ./drivers/fsl_ctimer.o
                0x0000000000000c60                CTIMER_GenericIRQHandler
 .text.CLOCK_EnableClock
                0x0000000000000d18       0x4c ./drivers/fsl_flexcomm.o
 .text.FLEXCOMM_GetInstance
                0x0000000000000d64       0x44 ./drivers/fsl_flexcomm.o
                0x0000000000000d64                FLEXCOMM_GetInstance
 .text.FLEXCOMM_Init
                0x0000000000000da8       0x5c ./drivers/fsl_flexcomm.o
                0x0000000000000da8                FLEXCOMM_Init
 .text.FLEXCOMM0_DriverIRQHandler
                0x0000000000000e04       0x3c ./drivers/fsl_flexcomm.o
                0x0000000000000e04                FLEXCOMM0_DriverIRQHandler
 .text.FLEXCOMM1_DriverIRQHandler
                0x0000000000000e40       0x3c ./drivers/fsl_flexcomm.o
                0x0000000000000e40                FLEXCOMM1_DriverIRQHandler
 .text.FLEXCOMM2_DriverIRQHandler
                0x0000000000000e7c       0x3c ./drivers/fsl_flexcomm.o
                0x0000000000000e7c                FLEXCOMM2_DriverIRQHandler
 .text.FLEXCOMM3_DriverIRQHandler
                0x0000000000000eb8       0x3c ./drivers/fsl_flexcomm.o
                0x0000000000000eb8                FLEXCOMM3_DriverIRQHandler
 .text.FLEXCOMM4_DriverIRQHandler
                0x0000000000000ef4       0x3c ./drivers/fsl_flexcomm.o
                0x0000000000000ef4                FLEXCOMM4_DriverIRQHandler
 .text.FLEXCOMM5_DriverIRQHandler
                0x0000000000000f30       0x3c ./drivers/fsl_flexcomm.o
                0x0000000000000f30                FLEXCOMM5_DriverIRQHandler
 .text.FLEXCOMM6_DriverIRQHandler
                0x0000000000000f6c       0x3c ./drivers/fsl_flexcomm.o
                0x0000000000000f6c                FLEXCOMM6_DriverIRQHandler
 .text.FLEXCOMM7_DriverIRQHandler
                0x0000000000000fa8       0x3c ./drivers/fsl_flexcomm.o
                0x0000000000000fa8                FLEXCOMM7_DriverIRQHandler
 .text.RESET_SetPeripheralReset
                0x0000000000000fe4       0x7c ./drivers/fsl_reset.o
                0x0000000000000fe4                RESET_SetPeripheralReset
 .text.RESET_ClearPeripheralReset
                0x0000000000001060       0x80 ./drivers/fsl_reset.o
                0x0000000000001060                RESET_ClearPeripheralReset
 .text.USART_Init
                0x00000000000010e0      0x14c ./drivers/fsl_usart.o
                0x00000000000010e0                USART_Init
 .text.USART_GetDefaultConfig
                0x000000000000122c       0x64 ./drivers/fsl_usart.o
                0x000000000000122c                USART_GetDefaultConfig
 .text.USART_SetBaudRate
                0x0000000000001290       0xe4 ./drivers/fsl_usart.o
                0x0000000000001290                USART_SetBaudRate
 .text.SystemInit
                0x0000000000001374       0x34 ./device/system_LPC54114_cm4.o
                0x0000000000001374                SystemInit
 .text.HAL_UartInit
                0x00000000000013a8      0x108 ./component/uart/usart_adapter.o
                0x00000000000013a8                HAL_UartInit
 .text.SerialManager_Init
                0x00000000000014b0       0x74 ./component/serial_manager/serial_manager.o
                0x00000000000014b0                SerialManager_Init
 .text.SerialManager_OpenWriteHandle
                0x0000000000001524       0x58 ./component/serial_manager/serial_manager.o
                0x0000000000001524                SerialManager_OpenWriteHandle
 .text.SerialManager_OpenReadHandle
                0x000000000000157c       0x60 ./component/serial_manager/serial_manager.o
                0x000000000000157c                SerialManager_OpenReadHandle
 .text.Serial_UartInit
                0x00000000000015dc       0x80 ./component/serial_manager/serial_port_uart.o
                0x00000000000015dc                Serial_UartInit
 .text.BOARD_InitDebugConsole
                0x000000000000165c       0x48 ./board/board.o
                0x000000000000165c                BOARD_InitDebugConsole
 .text.BOARD_BootClockFROHF48M
                0x00000000000016a4       0x4c ./board/clock_config.o
                0x00000000000016a4                BOARD_BootClockFROHF48M
 .text.CLOCK_EnableClock
                0x00000000000016f0       0x4c ./board/pin_mux.o
 .text.BOARD_InitPins
                0x000000000000173c       0x50 ./board/pin_mux.o
                0x000000000000173c                BOARD_InitPins
 .text.POWER_SetVoltageForFreq
                0x000000000000178c       0x8c /home/himanshu/Documents/lpcxpresso54114_ctimer_pwm_example_Robot/libs/libpower_cm4_hardabi.a(fsl_power_lib.o)
                0x000000000000178c                POWER_SetVoltageForFreq
 .text.__assertion_failed
                0x0000000000001818       0x4c /usr/local/mcuxpressoide-10.3.1_2233/ide/plugins/com.nxp.mcuxpresso.tools.linux_10.3.0.201811011841/tools/bin/../lib/gcc/arm-none-eabi/7.3.1/../../../../arm-none-eabi/lib/thumb/v7e-m/fpv4-sp/hard/libcr_semihost_nf.a(_cr_assert.o)
                0x0000000000001818                __assertion_failed
 .text.__sys_appexit
                0x0000000000001864        0xc /usr/local/mcuxpressoide-10.3.1_2233/ide/plugins/com.nxp.mcuxpresso.tools.linux_10.3.0.201811011841/tools/bin/../lib/gcc/arm-none-eabi/7.3.1/../../../../arm-none-eabi/lib/thumb/v7e-m/fpv4-sp/hard/libcr_semihost_nf.a(__sys_appexit.o)
                0x0000000000001864                __exit
                0x0000000000001864                __sys_appexit
 .text._Cwritebuf
                0x0000000000001870       0x6c /usr/local/mcuxpressoide-10.3.1_2233/ide/plugins/com.nxp.mcuxpresso.tools.linux_10.3.0.201811011841/tools/bin/../lib/gcc/arm-none-eabi/7.3.1/../../../../arm-none-eabi/lib/thumb/v7e-m/fpv4-sp/hard/libcr_c.a(_writebuf.o)
                0x0000000000001870                _Cwritebuf
 .text.malloc   0x00000000000018dc       0xc8 /usr/local/mcuxpressoide-10.3.1_2233/ide/plugins/com.nxp.mcuxpresso.tools.linux_10.3.0.201811011841/tools/bin/../lib/gcc/arm-none-eabi/7.3.1/../../../../arm-none-eabi/lib/thumb/v7e-m/fpv4-sp/hard/libcr_c.a(alloc.o)
                0x00000000000018dc                malloc
 .text._Csys_alloc
                0x00000000000019a4       0x20 /usr/local/mcuxpressoide-10.3.1_2233/ide/plugins/com.nxp.mcuxpresso.tools.linux_10.3.0.201811011841/tools/bin/../lib/gcc/arm-none-eabi/7.3.1/../../../../arm-none-eabi/lib/thumb/v7e-m/fpv4-sp/hard/libcr_c.a(alloc.o)
                0x00000000000019a4                _Csys_alloc
 .text.fseek    0x00000000000019c4      0x100 /usr/local/mcuxpressoide-10.3.1_2233/ide/plugins/com.nxp.mcuxpresso.tools.linux_10.3.0.201811011841/tools/bin/../lib/gcc/arm-none-eabi/7.3.1/../../../../arm-none-eabi/lib/thumb/v7e-m/fpv4-sp/hard/libcr_c.a(fseek.o)
                0x00000000000019c4                fseek
 .text.ftell    0x0000000000001ac4       0x44 /usr/local/mcuxpressoide-10.3.1_2233/ide/plugins/com.nxp.mcuxpresso.tools.linux_10.3.0.201811011841/tools/bin/../lib/gcc/arm-none-eabi/7.3.1/../../../../arm-none-eabi/lib/thumb/v7e-m/fpv4-sp/hard/libcr_c.a(ftell.o)
                0x0000000000001ac4                ftell
 .text._initio  0x0000000000001b08       0x78 /usr/local/mcuxpressoide-10.3.1_2233/ide/plugins/com.nxp.mcuxpresso.tools.linux_10.3.0.201811011841/tools/bin/../lib/gcc/arm-none-eabi/7.3.1/../../../../arm-none-eabi/lib/thumb/v7e-m/fpv4-sp/hard/libcr_c.a(initio.o)
                0x0000000000001b08                _initio
 .text.__vfprintf
                0x0000000000001b80      0xb8c /usr/local/mcuxpressoide-10.3.1_2233/ide/plugins/com.nxp.mcuxpresso.tools.linux_10.3.0.201811011841/tools/bin/../lib/gcc/arm-none-eabi/7.3.1/../../../../arm-none-eabi/lib/thumb/v7e-m/fpv4-sp/hard/libcr_c.a(printf.o)
                0x0000000000001b80                __vfprintf
 .text._vsnprintf
                0x000000000000270c       0x68 /usr/local/mcuxpressoide-10.3.1_2233/ide/plugins/com.nxp.mcuxpresso.tools.linux_10.3.0.201811011841/tools/bin/../lib/gcc/arm-none-eabi/7.3.1/../../../../arm-none-eabi/lib/thumb/v7e-m/fpv4-sp/hard/libcr_c.a(printf.o)
                0x000000000000270c                _vsnprintf
 .text._printf  0x0000000000002774       0x54 /usr/local/mcuxpressoide-10.3.1_2233/ide/plugins/com.nxp.mcuxpresso.tools.linux_10.3.0.201811011841/tools/bin/../lib/gcc/arm-none-eabi/7.3.1/../../../../arm-none-eabi/lib/thumb/v7e-m/fpv4-sp/hard/libcr_c.a(printf.o)
                0x0000000000002774                _printf
 .text.setvbuf  0x00000000000027c8       0x40 /usr/local/mcuxpressoide-10.3.1_2233/ide/plugins/com.nxp.mcuxpresso.tools.linux_10.3.0.201811011841/tools/bin/../lib/gcc/arm-none-eabi/7.3.1/../../../../arm-none-eabi/lib/thumb/v7e-m/fpv4-sp/hard/libcr_c.a(setvbuf.o)
                0x00000000000027c8                setvbuf
 .text._sbrk    0x0000000000002808       0x3c /usr/local/mcuxpressoide-10.3.1_2233/ide/plugins/com.nxp.mcuxpresso.tools.linux_10.3.0.201811011841/tools/bin/../lib/gcc/arm-none-eabi/7.3.1/../../../../arm-none-eabi/lib/thumb/v7e-m/fpv4-sp/hard/libcr_c.a(_cr_sbrk.o)
                0x0000000000002808                _sbrk
 .text.fflush   0x0000000000002844       0x44 /usr/local/mcuxpressoide-10.3.1_2233/ide/plugins/com.nxp.mcuxpresso.tools.linux_10.3.0.201811011841/tools/bin/../lib/gcc/arm-none-eabi/7.3.1/../../../../arm-none-eabi/lib/thumb/v7e-m/fpv4-sp/hard/libcr_c.a(fflush.o)
                0x0000000000002844                fflush
 .text.__check_heap_overflow
                0x0000000000002888       0x18 /usr/local/mcuxpressoide-10.3.1_2233/ide/plugins/com.nxp.mcuxpresso.tools.linux_10.3.0.201811011841/tools/bin/../lib/gcc/arm-none-eabi/7.3.1/../../../../arm-none-eabi/lib/thumb/v7e-m/fpv4-sp/hard/libcr_c.a(_cr_check_heap.o)
                0x0000000000002888                __check_heap_overflow
 .text.WDT_BOD_IRQHandler
                0x00000000000028a0        0x8 ./startup/startup_lpc5411x.o
                0x00000000000028a0                WDT_BOD_IRQHandler
 .text.DMA0_IRQHandler
                0x00000000000028a8        0x8 ./startup/startup_lpc5411x.o
                0x00000000000028a8                DMA0_IRQHandler
 .text.GINT0_IRQHandler
                0x00000000000028b0        0x8 ./startup/startup_lpc5411x.o
                0x00000000000028b0                GINT0_IRQHandler
 .text.GINT1_IRQHandler
                0x00000000000028b8        0x8 ./startup/startup_lpc5411x.o
                0x00000000000028b8                GINT1_IRQHandler
 .text.PIN_INT0_IRQHandler
                0x00000000000028c0        0x8 ./startup/startup_lpc5411x.o
                0x00000000000028c0                PIN_INT0_IRQHandler
 .text.PIN_INT1_IRQHandler
                0x00000000000028c8        0x8 ./startup/startup_lpc5411x.o
                0x00000000000028c8                PIN_INT1_IRQHandler
 .text.PIN_INT2_IRQHandler
                0x00000000000028d0        0x8 ./startup/startup_lpc5411x.o
                0x00000000000028d0                PIN_INT2_IRQHandler
 .text.PIN_INT3_IRQHandler
                0x00000000000028d8        0x8 ./startup/startup_lpc5411x.o
                0x00000000000028d8                PIN_INT3_IRQHandler
 .text.UTICK0_IRQHandler
                0x00000000000028e0        0x8 ./startup/startup_lpc5411x.o
                0x00000000000028e0                UTICK0_IRQHandler
 .text.MRT0_IRQHandler
                0x00000000000028e8        0x8 ./startup/startup_lpc5411x.o
                0x00000000000028e8                MRT0_IRQHandler
 .text.CTIMER0_IRQHandler
                0x00000000000028f0        0x8 ./startup/startup_lpc5411x.o
                0x00000000000028f0                CTIMER0_IRQHandler
 .text.CTIMER1_IRQHandler
                0x00000000000028f8        0x8 ./startup/startup_lpc5411x.o
                0x00000000000028f8                CTIMER1_IRQHandler
 .text.SCT0_IRQHandler
                0x0000000000002900        0x8 ./startup/startup_lpc5411x.o
                0x0000000000002900                SCT0_IRQHandler
 .text.CTIMER3_IRQHandler
                0x0000000000002908        0x8 ./startup/startup_lpc5411x.o
                0x0000000000002908                CTIMER3_IRQHandler
 .text.FLEXCOMM0_IRQHandler
                0x0000000000002910        0x8 ./startup/startup_lpc5411x.o
                0x0000000000002910                FLEXCOMM0_IRQHandler
 .text.FLEXCOMM1_IRQHandler
                0x0000000000002918        0x8 ./startup/startup_lpc5411x.o
                0x0000000000002918                FLEXCOMM1_IRQHandler
 .text.FLEXCOMM2_IRQHandler
                0x0000000000002920        0x8 ./startup/startup_lpc5411x.o
                0x0000000000002920                FLEXCOMM2_IRQHandler
 .text.FLEXCOMM3_IRQHandler
                0x0000000000002928        0x8 ./startup/startup_lpc5411x.o
                0x0000000000002928                FLEXCOMM3_IRQHandler
 .text.FLEXCOMM4_IRQHandler
                0x0000000000002930        0x8 ./startup/startup_lpc5411x.o
                0x0000000000002930                FLEXCOMM4_IRQHandler
 .text.FLEXCOMM5_IRQHandler
                0x0000000000002938        0x8 ./startup/startup_lpc5411x.o
                0x0000000000002938                FLEXCOMM5_IRQHandler
 .text.FLEXCOMM6_IRQHandler
                0x0000000000002940        0x8 ./startup/startup_lpc5411x.o
                0x0000000000002940                FLEXCOMM6_IRQHandler
 .text.FLEXCOMM7_IRQHandler
                0x0000000000002948        0x8 ./startup/startup_lpc5411x.o
                0x0000000000002948                FLEXCOMM7_IRQHandler
 .text.ADC0_SEQA_IRQHandler
                0x0000000000002950        0x8 ./startup/startup_lpc5411x.o
                0x0000000000002950                ADC0_SEQA_IRQHandler
 .text.ADC0_SEQB_IRQHandler
                0x0000000000002958        0x8 ./startup/startup_lpc5411x.o
                0x0000000000002958                ADC0_SEQB_IRQHandler
 .text.ADC0_THCMP_IRQHandler
                0x0000000000002960        0x8 ./startup/startup_lpc5411x.o
                0x0000000000002960                ADC0_THCMP_IRQHandler
 .text.DMIC0_IRQHandler
                0x0000000000002968        0x8 ./startup/startup_lpc5411x.o
                0x0000000000002968                DMIC0_IRQHandler
 .text.HWVAD0_IRQHandler
                0x0000000000002970        0x8 ./startup/startup_lpc5411x.o
                0x0000000000002970                HWVAD0_IRQHandler
 .text.USB0_NEEDCLK_IRQHandler
                0x0000000000002978        0x8 ./startup/startup_lpc5411x.o
                0x0000000000002978                USB0_NEEDCLK_IRQHandler
 .text.USB0_IRQHandler
                0x0000000000002980        0x8 ./startup/startup_lpc5411x.o
                0x0000000000002980                USB0_IRQHandler
 .text.RTC_IRQHandler
                0x0000000000002988        0x8 ./startup/startup_lpc5411x.o
                0x0000000000002988                RTC_IRQHandler
 .text.IOH_IRQHandler
                0x0000000000002990        0x8 ./startup/startup_lpc5411x.o
                0x0000000000002990                IOH_IRQHandler
 .text.MAILBOX_IRQHandler
                0x0000000000002998        0x8 ./startup/startup_lpc5411x.o
                0x0000000000002998                MAILBOX_IRQHandler
 .text.PIN_INT4_IRQHandler
                0x00000000000029a0        0x8 ./startup/startup_lpc5411x.o
                0x00000000000029a0                PIN_INT4_IRQHandler
 .text.PIN_INT5_IRQHandler
                0x00000000000029a8        0x8 ./startup/startup_lpc5411x.o
                0x00000000000029a8                PIN_INT5_IRQHandler
 .text.PIN_INT6_IRQHandler
                0x00000000000029b0        0x8 ./startup/startup_lpc5411x.o
                0x00000000000029b0                PIN_INT6_IRQHandler
 .text.PIN_INT7_IRQHandler
                0x00000000000029b8        0x8 ./startup/startup_lpc5411x.o
                0x00000000000029b8                PIN_INT7_IRQHandler
 .text.CTIMER2_IRQHandler
                0x00000000000029c0        0x8 ./startup/startup_lpc5411x.o
                0x00000000000029c0                CTIMER2_IRQHandler
 .text.CTIMER4_IRQHandler
                0x00000000000029c8        0x8 ./startup/startup_lpc5411x.o
                0x00000000000029c8                CTIMER4_IRQHandler
 .text.Reserved54_IRQHandler
                0x00000000000029d0        0x8 ./startup/startup_lpc5411x.o
                0x00000000000029d0                Reserved54_IRQHandler
 .text.SPIFI0_IRQHandler
                0x00000000000029d8        0x8 ./startup/startup_lpc5411x.o
                0x00000000000029d8                SPIFI0_IRQHandler
 .text.HardFault_Handler
                0x00000000000029e0       0x2c ./source/semihost_hardfault.o
                0x00000000000029e0                HardFault_Handler
 .text.CTIMER_StartTimer
                0x0000000000002a0c       0x20 ./source/simple_pwm.o
 .text.CLOCK_SetFLASHAccessCycles
                0x0000000000002a2c       0x34 ./drivers/fsl_clock.o
 .text.POWER_DisablePD
                0x0000000000002a60       0x2e ./drivers/fsl_clock.o
 .text.CLOCK_GetExtClkFreq
                0x0000000000002a8e       0x10 ./drivers/fsl_clock.o
                0x0000000000002a8e                CLOCK_GetExtClkFreq
 .text.CLOCK_GetOsc32KFreq
                0x0000000000002a9e       0x12 ./drivers/fsl_clock.o
                0x0000000000002a9e                CLOCK_GetOsc32KFreq
 .text.CLOCK_GetCoreSysClkFreq
                0x0000000000002ab0       0x8c ./drivers/fsl_clock.o
                0x0000000000002ab0                CLOCK_GetCoreSysClkFreq
 .text.CLOCK_GetFrgClkFreq
                0x0000000000002b3c       0x64 ./drivers/fsl_clock.o
                0x0000000000002b3c                CLOCK_GetFrgClkFreq
 .text.CLOCK_GetUsbClkFreq
                0x0000000000002ba0       0x4a ./drivers/fsl_clock.o
                0x0000000000002ba0                CLOCK_GetUsbClkFreq
 .text.EnableIRQ
                0x0000000000002bea       0x2c ./drivers/fsl_ctimer.o
 .text.CTIMER_GetStatusFlags
                0x0000000000002c16       0x18 ./drivers/fsl_ctimer.o
 .text.CTIMER_ClearStatusFlags
                0x0000000000002c2e       0x1c ./drivers/fsl_ctimer.o
 .text.CTIMER0_DriverIRQHandler
                0x0000000000002c4a       0x12 ./drivers/fsl_ctimer.o
                0x0000000000002c4a                CTIMER0_DriverIRQHandler
 .text.CTIMER1_DriverIRQHandler
                0x0000000000002c5c       0x12 ./drivers/fsl_ctimer.o
                0x0000000000002c5c                CTIMER1_DriverIRQHandler
 .text.CTIMER2_DriverIRQHandler
                0x0000000000002c6e       0x12 ./drivers/fsl_ctimer.o
                0x0000000000002c6e                CTIMER2_DriverIRQHandler
 .text.CTIMER3_DriverIRQHandler
                0x0000000000002c80       0x12 ./drivers/fsl_ctimer.o
                0x0000000000002c80                CTIMER3_DriverIRQHandler
 .text.CTIMER4_DriverIRQHandler
                0x0000000000002c92       0x12 ./drivers/fsl_ctimer.o
                0x0000000000002c92                CTIMER4_DriverIRQHandler
 .text.FLEXCOMM_PeripheralIsPresent
                0x0000000000002ca4       0x64 ./drivers/fsl_flexcomm.o
 .text.FLEXCOMM_SetPeriph
                0x0000000000002d08       0x74 ./drivers/fsl_flexcomm.o
 .text.RESET_PeripheralReset
                0x0000000000002d7c       0x1c ./drivers/fsl_reset.o
                0x0000000000002d7c                RESET_PeripheralReset
 .text.SystemInitHook
                0x0000000000002d98        0xe ./device/system_LPC54114_cm4.o
                0x0000000000002d98                SystemInitHook
 .text.HAL_UartGetStatus
                0x0000000000002da6       0x22 ./component/uart/usart_adapter.o
 .text.POWER_DisablePD
                0x0000000000002dc8       0x2e ./board/clock_config.o
 .text.IOCON_PinMuxSet
                0x0000000000002df6       0x2e ./board/pin_mux.o
 .text.__main   0x0000000000002e24        0xe /usr/local/mcuxpressoide-10.3.1_2233/ide/plugins/com.nxp.mcuxpresso.tools.linux_10.3.0.201811011841/tools/bin/../lib/gcc/arm-none-eabi/7.3.1/../../../../arm-none-eabi/lib/thumb/v7e-m/fpv4-sp/hard/libcr_semihost_nf.a(_cr__main.o)
                0x0000000000002e24                __main
                0x0000000000002e24                __CR_SEMIHOST
 .text.memset   0x0000000000002e32        0x4 /usr/local/mcuxpressoide-10.3.1_2233/ide/plugins/com.nxp.mcuxpresso.tools.linux_10.3.0.201811011841/tools/bin/../lib/gcc/arm-none-eabi/7.3.1/../../../../arm-none-eabi/lib/thumb/v7e-m/fpv4-sp/hard/libcr_c.a(memset.o)
                0x0000000000002e32                memset
 .text._deferredlazyseek
                0x0000000000002e36       0x40 /usr/local/mcuxpressoide-10.3.1_2233/ide/plugins/com.nxp.mcuxpresso.tools.linux_10.3.0.201811011841/tools/bin/../lib/gcc/arm-none-eabi/7.3.1/../../../../arm-none-eabi/lib/thumb/v7e-m/fpv4-sp/hard/libcr_c.a(_deferredlazyseek.o)
                0x0000000000002e36                _deferredlazyseek
 .text.__flsbuf
                0x0000000000002e76      0x140 /usr/local/mcuxpressoide-10.3.1_2233/ide/plugins/com.nxp.mcuxpresso.tools.linux_10.3.0.201811011841/tools/bin/../lib/gcc/arm-none-eabi/7.3.1/../../../../arm-none-eabi/lib/thumb/v7e-m/fpv4-sp/hard/libcr_c.a(_deferredlazyseek.o)
                0x0000000000002e76                __flsbuf
 .text._fflush  0x0000000000002fb6       0x52 /usr/local/mcuxpressoide-10.3.1_2233/ide/plugins/com.nxp.mcuxpresso.tools.linux_10.3.0.201811011841/tools/bin/../lib/gcc/arm-none-eabi/7.3.1/../../../../arm-none-eabi/lib/thumb/v7e-m/fpv4-sp/hard/libcr_c.a(_fflush.o)
                0x0000000000002fb6                _fflush
 .text.free     0x0000000000003008       0x30 /usr/local/mcuxpressoide-10.3.1_2233/ide/plugins/com.nxp.mcuxpresso.tools.linux_10.3.0.201811011841/tools/bin/../lib/gcc/arm-none-eabi/7.3.1/../../../../arm-none-eabi/lib/thumb/v7e-m/fpv4-sp/hard/libcr_c.a(alloc.o)
                0x0000000000003008                free
 .text.fputs    0x0000000000003038       0x2c /usr/local/mcuxpressoide-10.3.1_2233/ide/plugins/com.nxp.mcuxpresso.tools.linux_10.3.0.201811011841/tools/bin/../lib/gcc/arm-none-eabi/7.3.1/../../../../arm-none-eabi/lib/thumb/v7e-m/fpv4-sp/hard/libcr_c.a(fputs.o)
                0x0000000000003038                fputs
 .text.no_fp_display
                0x0000000000003064        0x4 /usr/local/mcuxpressoide-10.3.1_2233/ide/plugins/com.nxp.mcuxpresso.tools.linux_10.3.0.201811011841/tools/bin/../lib/gcc/arm-none-eabi/7.3.1/../../../../arm-none-eabi/lib/thumb/v7e-m/fpv4-sp/hard/libcr_c.a(printf.o)
 .text.strlen   0x0000000000003068       0x4a /usr/local/mcuxpressoide-10.3.1_2233/ide/plugins/com.nxp.mcuxpresso.tools.linux_10.3.0.201811011841/tools/bin/../lib/gcc/arm-none-eabi/7.3.1/../../../../arm-none-eabi/lib/thumb/v7e-m/fpv4-sp/hard/libcr_c.a(strlen.o)
                0x0000000000003068                strlen
 .text._fdopen  0x00000000000030b2       0x68 /usr/local/mcuxpressoide-10.3.1_2233/ide/plugins/com.nxp.mcuxpresso.tools.linux_10.3.0.201811011841/tools/bin/../lib/gcc/arm-none-eabi/7.3.1/../../../../arm-none-eabi/lib/thumb/v7e-m/fpv4-sp/hard/libcr_c.a(_fdopen.o)
                0x00000000000030b2                _fdopen
 .text.fclose   0x000000000000311a       0x58 /usr/local/mcuxpressoide-10.3.1_2233/ide/plugins/com.nxp.mcuxpresso.tools.linux_10.3.0.201811011841/tools/bin/../lib/gcc/arm-none-eabi/7.3.1/../../../../arm-none-eabi/lib/thumb/v7e-m/fpv4-sp/hard/libcr_c.a(fclose.o)
                0x000000000000311a                fclose
 .text.remove   0x0000000000003172       0x14 /usr/local/mcuxpressoide-10.3.1_2233/ide/plugins/com.nxp.mcuxpresso.tools.linux_10.3.0.201811011841/tools/bin/../lib/gcc/arm-none-eabi/7.3.1/../../../../arm-none-eabi/lib/thumb/v7e-m/fpv4-sp/hard/libcr_c.a(remove.o)
                0x0000000000003172                remove
 .text._do_fflush
                0x0000000000003186       0x40 /usr/local/mcuxpressoide-10.3.1_2233/ide/plugins/com.nxp.mcuxpresso.tools.linux_10.3.0.201811011841/tools/bin/../lib/gcc/arm-none-eabi/7.3.1/../../../../arm-none-eabi/lib/thumb/v7e-m/fpv4-sp/hard/libcr_c.a(_do_fflush.o)
                0x0000000000003186                _do_fflush
 .text.__aeabi_division_uldivmod
                0x00000000000031c6      0x174 /usr/local/mcuxpressoide-10.3.1_2233/ide/plugins/com.nxp.mcuxpresso.tools.linux_10.3.0.201811011841/tools/bin/../lib/gcc/arm-none-eabi/7.3.1/thumb/v7e-m/fpv4-sp/hard/libcr_eabihelpers.a(division_64.o)
                0x00000000000031c6                __aeabi_uldivmod
                0x00000000000031ca                __bhs_ldivmod1
 .text.__aeabi_division_idiv0
                0x000000000000333a        0x2 /usr/local/mcuxpressoide-10.3.1_2233/ide/plugins/com.nxp.mcuxpresso.tools.linux_10.3.0.201811011841/tools/bin/../lib/gcc/arm-none-eabi/7.3.1/thumb/v7e-m/fpv4-sp/hard/libcr_eabihelpers.a(division_idiv0.o)
                0x000000000000333a                __aeabi_idiv0
 .text.__aeabi_memset_lowlevel
                0x000000000000333c       0x32 /usr/local/mcuxpressoide-10.3.1_2233/ide/plugins/com.nxp.mcuxpresso.tools.linux_10.3.0.201811011841/tools/bin/../lib/gcc/arm-none-eabi/7.3.1/thumb/v7e-m/fpv4-sp/hard/libcr_eabihelpers.a(memcpy.o)
                0x000000000000333c                __aeabi_lowlevel_memset
 .text.__sys_close
                0x000000000000336e        0xc /usr/local/mcuxpressoide-10.3.1_2233/ide/plugins/com.nxp.mcuxpresso.tools.linux_10.3.0.201811011841/tools/bin/../lib/gcc/arm-none-eabi/7.3.1/../../../../arm-none-eabi/lib/thumb/v7e-m/fpv4-sp/hard/libcr_semihost_nf.a(__sys_close.o)
                0x000000000000336e                __sys_close
 .text.__sys_flen
                0x000000000000337a        0xc /usr/local/mcuxpressoide-10.3.1_2233/ide/plugins/com.nxp.mcuxpresso.tools.linux_10.3.0.201811011841/tools/bin/../lib/gcc/arm-none-eabi/7.3.1/../../../../arm-none-eabi/lib/thumb/v7e-m/fpv4-sp/hard/libcr_semihost_nf.a(__sys_flen.o)
                0x000000000000337a                __sys_flen
 .text.__sys_istty
                0x0000000000003386        0xc /usr/local/mcuxpressoide-10.3.1_2233/ide/plugins/com.nxp.mcuxpresso.tools.linux_10.3.0.201811011841/tools/bin/../lib/gcc/arm-none-eabi/7.3.1/../../../../arm-none-eabi/lib/thumb/v7e-m/fpv4-sp/hard/libcr_semihost_nf.a(__sys_istty.o)
                0x0000000000003386                __sys_istty
 .text.__sys_remove
                0x0000000000003392        0xc /usr/local/mcuxpressoide-10.3.1_2233/ide/plugins/com.nxp.mcuxpresso.tools.linux_10.3.0.201811011841/tools/bin/../lib/gcc/arm-none-eabi/7.3.1/../../../../arm-none-eabi/lib/thumb/v7e-m/fpv4-sp/hard/libcr_semihost_nf.a(__sys_remove.o)
                0x0000000000003392                __sys_remove
 .text.__sys_seek
                0x000000000000339e        0xc /usr/local/mcuxpressoide-10.3.1_2233/ide/plugins/com.nxp.mcuxpresso.tools.linux_10.3.0.201811011841/tools/bin/../lib/gcc/arm-none-eabi/7.3.1/../../../../arm-none-eabi/lib/thumb/v7e-m/fpv4-sp/hard/libcr_semihost_nf.a(__sys_seek.o)
                0x000000000000339e                __sys_seek
 .text.__sys_tmpnam
                0x00000000000033aa        0xc /usr/local/mcuxpressoide-10.3.1_2233/ide/plugins/com.nxp.mcuxpresso.tools.linux_10.3.0.201811011841/tools/bin/../lib/gcc/arm-none-eabi/7.3.1/../../../../arm-none-eabi/lib/thumb/v7e-m/fpv4-sp/hard/libcr_semihost_nf.a(__sys_tmpnam.o)
                0x00000000000033aa                __sys_tmpnam
 .text.__sys_write
                0x00000000000033b6        0xc /usr/local/mcuxpressoide-10.3.1_2233/ide/plugins/com.nxp.mcuxpresso.tools.linux_10.3.0.201811011841/tools/bin/../lib/gcc/arm-none-eabi/7.3.1/../../../../arm-none-eabi/lib/thumb/v7e-m/fpv4-sp/hard/libcr_semihost_nf.a(__sys_write.o)
                0x00000000000033b6                __sys_write
 *(SORT_BY_ALIGNMENT(.rodata) SORT_BY_ALIGNMENT(.rodata.*) SORT_BY_ALIGNMENT(.constdata) SORT_BY_ALIGNMENT(.constdata.*))
 *fill*         0x00000000000033c2        0x2 ff
 .rodata        0x00000000000033c4      0x1b7 ./utilities/fsl_debug_console.o
 *fill*         0x000000000000357b        0x1 ff
 .rodata        0x000000000000357c       0x2a ./source/simple_pwm.o
 *fill*         0x00000000000035a6        0x2 ff
 .rodata.wdtFreqLookup
                0x00000000000035a8       0x20 ./drivers/fsl_clock.o
 .rodata.s_ctimerBases
                0x00000000000035c8       0x14 ./drivers/fsl_ctimer.o
 .rodata.s_ctimerClocks
                0x00000000000035dc        0xa ./drivers/fsl_ctimer.o
 *fill*         0x00000000000035e6        0x2 ff
 .rodata.s_ctimerResets
                0x00000000000035e8       0x14 ./drivers/fsl_ctimer.o
 .rodata.s_ctimerIRQ
                0x00000000000035fc        0x5 ./drivers/fsl_ctimer.o
 *fill*         0x0000000000003601        0x3 ff
 .rodata        0x0000000000003604       0xb5 ./drivers/fsl_ctimer.o
 *fill*         0x00000000000036b9        0x3 ff
 .rodata.s_flexcommBaseAddrs
                0x00000000000036bc       0x20 ./drivers/fsl_flexcomm.o
 .rodata.s_flexcommClocks
                0x00000000000036dc       0x10 ./drivers/fsl_flexcomm.o
 .rodata.s_flexcommResets
                0x00000000000036ec       0x20 ./drivers/fsl_flexcomm.o
 .rodata        0x000000000000370c      0x1e8 ./drivers/fsl_flexcomm.o
 .rodata        0x00000000000038f4       0x55 ./drivers/fsl_reset.o
 *fill*         0x0000000000003949        0x3 ff
 .rodata        0x000000000000394c      0x5d0 ./drivers/fsl_usart.o
 .rodata.s_UsartAdapterBase
                0x0000000000003f1c       0x20 ./component/uart/usart_adapter.o
 .rodata        0x0000000000003f3c      0x26f ./component/uart/usart_adapter.o
 *fill*         0x00000000000041ab        0x1 ff
 .rodata        0x00000000000041ac      0x521 ./component/serial_manager/serial_manager.o
 *fill*         0x00000000000046cd        0x3 ff
 .rodata        0x00000000000046d0      0x244 ./component/serial_manager/serial_port_uart.o
 .rodata        0x0000000000004914       0x60 ./board/board.o
 .rodata.__num_Ciob_streams
                0x0000000000004974        0x4 /usr/local/mcuxpressoide-10.3.1_2233/ide/plugins/com.nxp.mcuxpresso.tools.linux_10.3.0.201811011841/tools/bin/../lib/gcc/arm-none-eabi/7.3.1/../../../../arm-none-eabi/lib/thumb/v7e-m/fpv4-sp/hard/libcr_semihost_nf.a(__ciob.o)
                0x0000000000004974                __num_Ciob_streams
 .rodata.__assertion_failed.str1.1
                0x0000000000004978       0x15 /usr/local/mcuxpressoide-10.3.1_2233/ide/plugins/com.nxp.mcuxpresso.tools.linux_10.3.0.201811011841/tools/bin/../lib/gcc/arm-none-eabi/7.3.1/../../../../arm-none-eabi/lib/thumb/v7e-m/fpv4-sp/hard/libcr_semihost_nf.a(_cr_assert.o)
 .rodata._Csys_alloc.str1.1
                0x000000000000498d       0x18 /usr/local/mcuxpressoide-10.3.1_2233/ide/plugins/com.nxp.mcuxpresso.tools.linux_10.3.0.201811011841/tools/bin/../lib/gcc/arm-none-eabi/7.3.1/../../../../arm-none-eabi/lib/thumb/v7e-m/fpv4-sp/hard/libcr_c.a(alloc.o)
 .rodata._initio.str1.1
                0x00000000000049a5        0x4 /usr/local/mcuxpressoide-10.3.1_2233/ide/plugins/com.nxp.mcuxpresso.tools.linux_10.3.0.201811011841/tools/bin/../lib/gcc/arm-none-eabi/7.3.1/../../../../arm-none-eabi/lib/thumb/v7e-m/fpv4-sp/hard/libcr_c.a(initio.o)
 .rodata.__vfprintf.str1.1
                0x00000000000049a9       0x35 /usr/local/mcuxpressoide-10.3.1_2233/ide/plugins/com.nxp.mcuxpresso.tools.linux_10.3.0.201811011841/tools/bin/../lib/gcc/arm-none-eabi/7.3.1/../../../../arm-none-eabi/lib/thumb/v7e-m/fpv4-sp/hard/libcr_c.a(printf.o)
                                         0x38 (size before relaxing)
                0x00000000000049e0                . = ALIGN (0x4)
 *fill*         0x00000000000049de        0x2 ff

.glue_7         0x00000000000049e0        0x0
 .glue_7        0x00000000000049e0        0x0 linker stubs

.glue_7t        0x00000000000049e0        0x0
 .glue_7t       0x00000000000049e0        0x0 linker stubs

.vfp11_veneer   0x00000000000049e0        0x0
 .vfp11_veneer  0x00000000000049e0        0x0 linker stubs

.v4_bx          0x00000000000049e0        0x0
 .v4_bx         0x00000000000049e0        0x0 linker stubs

.iplt           0x00000000000049e0        0x0
 .iplt          0x00000000000049e0        0x0 ./utilities/fsl_debug_console.o

.rel.dyn        0x00000000000049e0        0x0
 .rel.iplt      0x00000000000049e0        0x0 ./utilities/fsl_debug_console.o

.ARM.extab
 *(SORT_BY_ALIGNMENT(.ARM.extab*) SORT_BY_ALIGNMENT(.gnu.linkonce.armextab.*))
                0x00000000000049e0                __exidx_start = .

.ARM.exidx
 *(SORT_BY_ALIGNMENT(.ARM.exidx*) SORT_BY_ALIGNMENT(.gnu.linkonce.armexidx.*))
                0x00000000000049e0                __exidx_end = .
                0x00000000000049e0                _etext = .

.data_RAM2      0x0000000020000000        0x0 load address 0x00000000000049e0
 FILL mask 0xff
                [!provide]                        PROVIDE (__start_data_RAM2 = .)
 *(SORT_BY_ALIGNMENT(.ramfunc.$RAM2))
 *(SORT_BY_ALIGNMENT(.ramfunc.$SRAM0))
 *(SORT_BY_ALIGNMENT(.data.$RAM2*))
 *(SORT_BY_ALIGNMENT(.data.$SRAM0*))
                0x0000000020000000                . = ALIGN (0x4)
                [!provide]                        PROVIDE (__end_data_RAM2 = .)

.data_RAM3      0x0000000004000000        0x0 load address 0x00000000000049e0
 FILL mask 0xff
                [!provide]                        PROVIDE (__start_data_RAM3 = .)
 *(SORT_BY_ALIGNMENT(.ramfunc.$RAM3))
 *(SORT_BY_ALIGNMENT(.ramfunc.$SRAMX))
 *(SORT_BY_ALIGNMENT(.data.$RAM3*))
 *(SORT_BY_ALIGNMENT(.data.$SRAMX*))
                0x0000000004000000                . = ALIGN (0x4)
                [!provide]                        PROVIDE (__end_data_RAM3 = .)

.data_RAM4      0x0000000020020000        0x0 load address 0x00000000000049e0
 FILL mask 0xff
                [!provide]                        PROVIDE (__start_data_RAM4 = .)
 *(SORT_BY_ALIGNMENT(.ramfunc.$RAM4))
 *(SORT_BY_ALIGNMENT(.ramfunc.$SRAM2))
 *(SORT_BY_ALIGNMENT(.data.$RAM4*))
 *(SORT_BY_ALIGNMENT(.data.$SRAM2*))
                0x0000000020020000                . = ALIGN (0x4)
                [!provide]                        PROVIDE (__end_data_RAM4 = .)

.uninit_RESERVED
                0x0000000020010000        0x0
 *(SORT_BY_ALIGNMENT(.bss.$RESERVED*))
                0x0000000020010000                . = ALIGN (0x4)
                0x0000000020010000                _end_uninit_RESERVED = .

.data           0x0000000020010000        0x4 load address 0x00000000000049e0
 FILL mask 0xff
                0x0000000020010000                _data = .
 *(SORT_BY_ALIGNMENT(vtable))
 *(SORT_BY_ALIGNMENT(.ramfunc*))
 *(SORT_BY_ALIGNMENT(.data*))
 .data.SystemCoreClock
                0x0000000020010000        0x4 ./device/system_LPC54114_cm4.o
                0x0000000020010000                SystemCoreClock
                0x0000000020010004                . = ALIGN (0x4)
                0x0000000020010004                _edata = .

.igot.plt       0x0000000020010004        0x0 load address 0x00000000000049e4
 .igot.plt      0x0000000020010004        0x0 ./utilities/fsl_debug_console.o

.bss_RAM2       0x0000000020000000        0x0
                [!provide]                        PROVIDE (__start_bss_RAM2 = .)
 *(SORT_BY_ALIGNMENT(.bss.$RAM2*))
 *(SORT_BY_ALIGNMENT(.bss.$SRAM0*))
                0x0000000020000000                . = ALIGN ((. != 0x0)?0x4:0x1)
                [!provide]                        PROVIDE (__end_bss_RAM2 = .)

.bss_RAM3       0x0000000004000000        0x0
                [!provide]                        PROVIDE (__start_bss_RAM3 = .)
 *(SORT_BY_ALIGNMENT(.bss.$RAM3*))
 *(SORT_BY_ALIGNMENT(.bss.$SRAMX*))
                0x0000000004000000                . = ALIGN ((. != 0x0)?0x4:0x1)
                [!provide]                        PROVIDE (__end_bss_RAM3 = .)

.bss_RAM4       0x0000000020020000        0x0
                [!provide]                        PROVIDE (__start_bss_RAM4 = .)
 *(SORT_BY_ALIGNMENT(.bss.$RAM4*))
 *(SORT_BY_ALIGNMENT(.bss.$SRAM2*))
                0x0000000020020000                . = ALIGN ((. != 0x0)?0x4:0x1)
                [!provide]                        PROVIDE (__end_bss_RAM4 = .)

.bss            0x0000000020010004      0x150
                0x0000000020010004                _bss = .
 *(SORT_BY_ALIGNMENT(.bss*))
 .bss.s_debugConsoleState
                0x0000000020010004       0x1c ./utilities/fsl_debug_console.o
 .bss.g_serialHandle
                0x0000000020010020        0x4 ./utilities/fsl_debug_console.o
                0x0000000020010020                g_serialHandle
 .bss.__SWVtrace_Enabled
                0x0000000020010024        0x4 ./startup/startup_lpc5411x.o
                0x0000000020010024                __SWVtrace_Enabled
 .bss.g_pwmPeriod
                0x0000000020010028        0x4 ./source/simple_pwm.o
                0x0000000020010028                g_pwmPeriod
 .bss.g_pulsePeriod
                0x000000002001002c        0x4 ./source/simple_pwm.o
                0x000000002001002c                g_pulsePeriod
 .bss.s_Pll_Freq
                0x0000000020010030        0x4 ./drivers/fsl_clock.o
 .bss.s_I2S_Mclk_Freq
                0x0000000020010034        0x4 ./drivers/fsl_clock.o
 .bss.s_ctimerCallback
                0x0000000020010038       0x14 ./drivers/fsl_ctimer.o
 .bss.ctimerCallbackType
                0x000000002001004c        0x5 ./drivers/fsl_ctimer.o
 *fill*         0x0000000020010051        0x3 
 .bss.s_flexcommIrqHandler
                0x0000000020010054       0x20 ./drivers/fsl_flexcomm.o
 .bss.s_flexcommHandle
                0x0000000020010074       0x20 ./drivers/fsl_flexcomm.o
 .bss.__Ciob    0x0000000020010094       0xb4 /usr/local/mcuxpressoide-10.3.1_2233/ide/plugins/com.nxp.mcuxpresso.tools.linux_10.3.0.201811011841/tools/bin/../lib/gcc/arm-none-eabi/7.3.1/../../../../arm-none-eabi/lib/thumb/v7e-m/fpv4-sp/hard/libcr_semihost_nf.a(__ciob.o)
                0x0000000020010094                __Ciob
 .bss.__end_of_heap
                0x0000000020010148        0x4 /usr/local/mcuxpressoide-10.3.1_2233/ide/plugins/com.nxp.mcuxpresso.tools.linux_10.3.0.201811011841/tools/bin/../lib/gcc/arm-none-eabi/7.3.1/../../../../arm-none-eabi/lib/thumb/v7e-m/fpv4-sp/hard/libcr_c.a(__init_alloc.o)
                0x0000000020010148                __end_of_heap
 .bss.__heaps   0x000000002001014c        0x4 /usr/local/mcuxpressoide-10.3.1_2233/ide/plugins/com.nxp.mcuxpresso.tools.linux_10.3.0.201811011841/tools/bin/../lib/gcc/arm-none-eabi/7.3.1/../../../../arm-none-eabi/lib/thumb/v7e-m/fpv4-sp/hard/libcr_c.a(__init_alloc.o)
                0x000000002001014c                __heaps
 .bss.errno     0x0000000020010150        0x4 /usr/local/mcuxpressoide-10.3.1_2233/ide/plugins/com.nxp.mcuxpresso.tools.linux_10.3.0.201811011841/tools/bin/../lib/gcc/arm-none-eabi/7.3.1/../../../../arm-none-eabi/lib/thumb/v7e-m/fpv4-sp/hard/libcr_c.a(errno.o)
                0x0000000020010150                errno
 *(SORT_BY_ALIGNMENT(COMMON))
                0x0000000020010154                . = ALIGN (0x4)
                0x0000000020010154                _ebss = .
                [!provide]                        PROVIDE (end = .)

.noinit_RAM2    0x0000000020000000        0x0
 *(SORT_BY_ALIGNMENT(.noinit.$RAM2*))
 *(SORT_BY_ALIGNMENT(.noinit.$SRAM0*))
                0x0000000020000000                . = ALIGN (0x4)

.noinit_RAM3    0x0000000004000000        0x0
 *(SORT_BY_ALIGNMENT(.noinit.$RAM3*))
 *(SORT_BY_ALIGNMENT(.noinit.$SRAMX*))
                0x0000000004000000                . = ALIGN (0x4)

.noinit_RAM4    0x0000000020020000        0x0
 *(SORT_BY_ALIGNMENT(.noinit.$RAM4*))
 *(SORT_BY_ALIGNMENT(.noinit.$SRAM2*))
                0x0000000020020000                . = ALIGN (0x4)

.noinit         0x0000000020010154        0x0
                0x0000000020010154                _noinit = .
 *(SORT_BY_ALIGNMENT(.noinit*))
                0x0000000020010154                . = ALIGN (0x4)
                0x0000000020010154                _end_noinit = .
                0x0000000000001000                _HeapSize = 0x1000

.heap           0x0000000020010154     0x1000
                0x0000000020010154                _pvHeapStart = .
                0x0000000020011154                . = (. + _HeapSize)
 *fill*         0x0000000020010154     0x1000 
                0x0000000020011154                . = ALIGN (0x4)
                0x0000000020011154                _pvHeapLimit = .
                0x0000000000001000                _StackSize = 0x1000

.heap2stackfill
                0x0000000020011154     0x1000
                0x0000000020012154                . = (. + _StackSize)
 *fill*         0x0000000020011154     0x1000 

.stack          0x000000002001f000        0x0
                0x000000002001f000                _vStackBase = .
                0x000000002001f000                . = ALIGN (0x4)
                0x0000000020020000                _vStackTop = (. + _StackSize)
                0xffffffffdffdd335                PROVIDE (__valid_user_code_checksum = (0x0 - (((_vStackTop + (ResetISR + 0x1)) + (DEFINED (NMI_Handler)?NMI_Handler:M0_NMI_Handler + 0x1)) + (DEFINED (HardFault_Handler)?HardFault_Handler:M0_HardFault_Handler + 0x1))))
                0x0000000000000000                _image_start = LOADADDR (.text)
                0x00000000000049e4                _image_end = (LOADADDR (.data) + SIZEOF (.data))
                0x00000000000049e4                _image_size = (_image_end - _image_start)
OUTPUT(lpcxpresso54114_ctimer_pwm_example_Robot.axf elf32-littlearm)

.debug_info     0x0000000000000000     0xec3c
 .debug_info    0x0000000000000000      0x8ee ./utilities/fsl_debug_console.o
 .debug_info    0x00000000000008ee      0x596 ./startup/startup_lpc5411x.o
 .debug_info    0x0000000000000e84       0x3b ./source/semihost_hardfault.o
 .debug_info    0x0000000000000ebf     0x11e3 ./source/simple_pwm.o
 .debug_info    0x00000000000020a2     0x23e8 ./drivers/fsl_clock.o
 .debug_info    0x000000000000448a     0x1b25 ./drivers/fsl_ctimer.o
 .debug_info    0x0000000000005faf     0x14de ./drivers/fsl_flexcomm.o
 .debug_info    0x000000000000748d      0xb5b ./drivers/fsl_reset.o
 .debug_info    0x0000000000007fe8     0x13af ./drivers/fsl_usart.o
 .debug_info    0x0000000000009397      0xca2 ./device/system_LPC54114_cm4.o
 .debug_info    0x000000000000a039      0xbaa ./component/uart/usart_adapter.o
 .debug_info    0x000000000000abe3      0x6ea ./component/serial_manager/serial_manager.o
 .debug_info    0x000000000000b2cd      0x4a9 ./component/serial_manager/serial_port_uart.o
 .debug_info    0x000000000000b776      0x934 ./board/board.o
 .debug_info    0x000000000000c0aa      0xc95 ./board/clock_config.o
 .debug_info    0x000000000000cd3f      0xc27 ./board/pin_mux.o
 .debug_info    0x000000000000d966     0x12d6 /home/himanshu/Documents/lpcxpresso54114_ctimer_pwm_example_Robot/libs/libpower_cm4_hardabi.a(fsl_power_lib.o)

.debug_abbrev   0x0000000000000000     0x20dc
 .debug_abbrev  0x0000000000000000      0x19a ./utilities/fsl_debug_console.o
 .debug_abbrev  0x000000000000019a      0x158 ./startup/startup_lpc5411x.o
 .debug_abbrev  0x00000000000002f2       0x2f ./source/semihost_hardfault.o
 .debug_abbrev  0x0000000000000321      0x1fc ./source/simple_pwm.o
 .debug_abbrev  0x000000000000051d      0x35e ./drivers/fsl_clock.o
 .debug_abbrev  0x000000000000087b      0x30b ./drivers/fsl_ctimer.o
 .debug_abbrev  0x0000000000000b86      0x293 ./drivers/fsl_flexcomm.o
 .debug_abbrev  0x0000000000000e19      0x195 ./drivers/fsl_reset.o
 .debug_abbrev  0x0000000000000fae      0x327 ./drivers/fsl_usart.o
 .debug_abbrev  0x00000000000012d5      0x1ec ./device/system_LPC54114_cm4.o
 .debug_abbrev  0x00000000000014c1      0x1c0 ./component/uart/usart_adapter.o
 .debug_abbrev  0x0000000000001681      0x163 ./component/serial_manager/serial_manager.o
 .debug_abbrev  0x00000000000017e4      0x148 ./component/serial_manager/serial_port_uart.o
 .debug_abbrev  0x000000000000192c      0x14f ./board/board.o
 .debug_abbrev  0x0000000000001a7b      0x171 ./board/clock_config.o
 .debug_abbrev  0x0000000000001bec      0x1cb ./board/pin_mux.o
 .debug_abbrev  0x0000000000001db7      0x325 /home/himanshu/Documents/lpcxpresso54114_ctimer_pwm_example_Robot/libs/libpower_cm4_hardabi.a(fsl_power_lib.o)

.debug_aranges  0x0000000000000000      0x8e0
 .debug_aranges
                0x0000000000000000       0x50 ./utilities/fsl_debug_console.o
 .debug_aranges
                0x0000000000000050      0x1c8 ./startup/startup_lpc5411x.o
 .debug_aranges
                0x0000000000000218       0x20 ./source/semihost_hardfault.o
 .debug_aranges
                0x0000000000000238       0x30 ./source/simple_pwm.o
 .debug_aranges
                0x0000000000000268      0x1b0 ./drivers/fsl_clock.o
 .debug_aranges
                0x0000000000000418       0xd0 ./drivers/fsl_ctimer.o
 .debug_aranges
                0x00000000000004e8       0x88 ./drivers/fsl_flexcomm.o
 .debug_aranges
                0x0000000000000570       0x48 ./drivers/fsl_reset.o
 .debug_aranges
                0x00000000000005b8       0xd8 ./drivers/fsl_usart.o
 .debug_aranges
                0x0000000000000690       0x68 ./device/system_LPC54114_cm4.o
 .debug_aranges
                0x00000000000006f8       0x40 ./component/uart/usart_adapter.o
 .debug_aranges
                0x0000000000000738       0x88 ./component/serial_manager/serial_manager.o
 .debug_aranges
                0x00000000000007c0       0x38 ./component/serial_manager/serial_port_uart.o
 .debug_aranges
                0x00000000000007f8       0x28 ./board/board.o
 .debug_aranges
                0x0000000000000820       0x38 ./board/clock_config.o
 .debug_aranges
                0x0000000000000858       0x30 ./board/pin_mux.o
 .debug_aranges
                0x0000000000000888       0x58 /home/himanshu/Documents/lpcxpresso54114_ctimer_pwm_example_Robot/libs/libpower_cm4_hardabi.a(fsl_power_lib.o)

.debug_ranges   0x0000000000000000      0x800
 .debug_ranges  0x0000000000000000       0x40 ./utilities/fsl_debug_console.o
 .debug_ranges  0x0000000000000040      0x1b8 ./startup/startup_lpc5411x.o
 .debug_ranges  0x00000000000001f8       0x10 ./source/semihost_hardfault.o
 .debug_ranges  0x0000000000000208       0x20 ./source/simple_pwm.o
 .debug_ranges  0x0000000000000228      0x1a0 ./drivers/fsl_clock.o
 .debug_ranges  0x00000000000003c8       0xc0 ./drivers/fsl_ctimer.o
 .debug_ranges  0x0000000000000488       0x78 ./drivers/fsl_flexcomm.o
 .debug_ranges  0x0000000000000500       0x38 ./drivers/fsl_reset.o
 .debug_ranges  0x0000000000000538       0xc8 ./drivers/fsl_usart.o
 .debug_ranges  0x0000000000000600       0x58 ./device/system_LPC54114_cm4.o
 .debug_ranges  0x0000000000000658       0x30 ./component/uart/usart_adapter.o
 .debug_ranges  0x0000000000000688       0x78 ./component/serial_manager/serial_manager.o
 .debug_ranges  0x0000000000000700       0x28 ./component/serial_manager/serial_port_uart.o
 .debug_ranges  0x0000000000000728       0x18 ./board/board.o
 .debug_ranges  0x0000000000000740       0x28 ./board/clock_config.o
 .debug_ranges  0x0000000000000768       0x20 ./board/pin_mux.o
 .debug_ranges  0x0000000000000788       0x78 /home/himanshu/Documents/lpcxpresso54114_ctimer_pwm_example_Robot/libs/libpower_cm4_hardabi.a(fsl_power_lib.o)

.debug_macro    0x0000000000000000     0x17c4
 .debug_macro   0x0000000000000000      0x1b2 ./utilities/fsl_debug_console.o
 .debug_macro   0x00000000000001b2       0x16 ./utilities/fsl_debug_console.o
 .debug_macro   0x00000000000001c8       0x10 ./utilities/fsl_debug_console.o
 .debug_macro   0x00000000000001d8       0x28 ./utilities/fsl_debug_console.o
 .debug_macro   0x0000000000000200       0x5a ./utilities/fsl_debug_console.o
 .debug_macro   0x000000000000025a       0x1c ./utilities/fsl_debug_console.o
 .debug_macro   0x0000000000000276       0x32 ./startup/startup_lpc5411x.o
 .debug_macro   0x00000000000002a8       0x34 ./startup/startup_lpc5411x.o
 .debug_macro   0x00000000000002dc       0x11 ./source/semihost_hardfault.o
 .debug_macro   0x00000000000002ed      0x1b0 ./source/simple_pwm.o
 .debug_macro   0x000000000000049d       0x2e ./source/simple_pwm.o
 .debug_macro   0x00000000000004cb      0x1a6 ./source/simple_pwm.o
 .debug_macro   0x0000000000000671       0x10 ./source/simple_pwm.o
 .debug_macro   0x0000000000000681       0x3a ./source/simple_pwm.o
 .debug_macro   0x00000000000006bb      0x1e5 ./drivers/fsl_clock.o
 .debug_macro   0x00000000000008a0       0x22 ./drivers/fsl_clock.o
 .debug_macro   0x00000000000008c2      0x138 ./drivers/fsl_ctimer.o
 .debug_macro   0x00000000000009fa      0x131 ./drivers/fsl_flexcomm.o
 .debug_macro   0x0000000000000b2b       0x10 ./drivers/fsl_flexcomm.o
 .debug_macro   0x0000000000000b3b      0x128 ./drivers/fsl_reset.o
 .debug_macro   0x0000000000000c63      0x140 ./drivers/fsl_usart.o
 .debug_macro   0x0000000000000da3       0x16 ./drivers/fsl_usart.o
 .debug_macro   0x0000000000000db9       0xdf ./device/system_LPC54114_cm4.o
 .debug_macro   0x0000000000000e98      0x147 ./component/uart/usart_adapter.o
 .debug_macro   0x0000000000000fdf       0x1c ./component/uart/usart_adapter.o
 .debug_macro   0x0000000000000ffb      0x151 ./component/serial_manager/serial_manager.o
 .debug_macro   0x000000000000114c      0x142 ./component/serial_manager/serial_port_uart.o
 .debug_macro   0x000000000000128e       0x1c ./component/serial_manager/serial_port_uart.o
 .debug_macro   0x00000000000012aa      0x192 ./board/board.o
 .debug_macro   0x000000000000143c      0x148 ./board/clock_config.o
 .debug_macro   0x0000000000001584       0x1c ./board/clock_config.o
 .debug_macro   0x00000000000015a0       0x28 ./board/clock_config.o
 .debug_macro   0x00000000000015c8      0x13e ./board/pin_mux.o
 .debug_macro   0x0000000000001706       0xbe ./board/pin_mux.o

.debug_line     0x0000000000000000     0x48c9
 .debug_line    0x0000000000000000      0x45b ./utilities/fsl_debug_console.o
 .debug_line    0x000000000000045b      0x43d ./startup/startup_lpc5411x.o
 .debug_line    0x0000000000000898       0x54 ./source/semihost_hardfault.o
 .debug_line    0x00000000000008ec      0x3b2 ./source/simple_pwm.o
 .debug_line    0x0000000000000c9e      0xa43 ./drivers/fsl_clock.o
 .debug_line    0x00000000000016e1      0x565 ./drivers/fsl_ctimer.o
 .debug_line    0x0000000000001c46      0x490 ./drivers/fsl_flexcomm.o
 .debug_line    0x00000000000020d6      0x358 ./drivers/fsl_reset.o
 .debug_line    0x000000000000242e      0x7db ./drivers/fsl_usart.o
 .debug_line    0x0000000000002c09      0x397 ./device/system_LPC54114_cm4.o
 .debug_line    0x0000000000002fa0      0x3ac ./component/uart/usart_adapter.o
 .debug_line    0x000000000000334c      0x4df ./component/serial_manager/serial_manager.o
 .debug_line    0x000000000000382b      0x3a5 ./component/serial_manager/serial_port_uart.o
 .debug_line    0x0000000000003bd0      0x371 ./board/board.o
 .debug_line    0x0000000000003f41      0x323 ./board/clock_config.o
 .debug_line    0x0000000000004264      0x300 ./board/pin_mux.o
 .debug_line    0x0000000000004564      0x365 /home/himanshu/Documents/lpcxpresso54114_ctimer_pwm_example_Robot/libs/libpower_cm4_hardabi.a(fsl_power_lib.o)

.debug_str      0x0000000000000000    0x4c92f
 .debug_str     0x0000000000000000    0x46338 ./utilities/fsl_debug_console.o
                                      0x46409 (size before relaxing)
 .debug_str     0x0000000000046338      0x626 ./startup/startup_lpc5411x.o
                                       0x340c (size before relaxing)
 .debug_str     0x000000000004695e       0x1f ./source/semihost_hardfault.o
                                       0x2dc6 (size before relaxing)
 .debug_str     0x000000000004697d     0x1cac ./source/simple_pwm.o
                                      0x47825 (size before relaxing)
 .debug_str     0x0000000000048629     0x18a9 ./drivers/fsl_clock.o
                                      0x4797b (size before relaxing)
 .debug_str     0x0000000000049ed2      0x963 ./drivers/fsl_ctimer.o
                                      0x46a5f (size before relaxing)
 .debug_str     0x000000000004a835      0x307 ./drivers/fsl_flexcomm.o
                                      0x466bc (size before relaxing)
 .debug_str     0x000000000004ab3c      0x117 ./drivers/fsl_reset.o
                                      0x45457 (size before relaxing)
 .debug_str     0x000000000004ac53      0xa98 ./drivers/fsl_usart.o
                                      0x46451 (size before relaxing)
 .debug_str     0x000000000004b6eb      0x13e ./device/system_LPC54114_cm4.o
                                      0x43afd (size before relaxing)
 .debug_str     0x000000000004b829      0x324 ./component/uart/usart_adapter.o
                                      0x45fab (size before relaxing)
 .debug_str     0x000000000004bb4d      0x36c ./component/serial_manager/serial_manager.o
                                      0x45311 (size before relaxing)
 .debug_str     0x000000000004beb9       0xfc ./component/serial_manager/serial_port_uart.o
                                      0x453be (size before relaxing)
 .debug_str     0x000000000004bfb5       0x50 ./board/board.o
                                      0x472ce (size before relaxing)
 .debug_str     0x000000000004c005       0x46 ./board/clock_config.o
                                      0x45c26 (size before relaxing)
 .debug_str     0x000000000004c04b      0x3c7 ./board/pin_mux.o
                                      0x459bb (size before relaxing)
 .debug_str     0x000000000004c412      0x51d /home/himanshu/Documents/lpcxpresso54114_ctimer_pwm_example_Robot/libs/libpower_cm4_hardabi.a(fsl_power_lib.o)
                                        0xbcd (size before relaxing)

.comment        0x0000000000000000       0xfe
 .comment       0x0000000000000000       0x7f ./utilities/fsl_debug_console.o
                                         0x80 (size before relaxing)
 .comment       0x000000000000007f       0x80 ./startup/startup_lpc5411x.o
 .comment       0x000000000000007f       0x80 ./source/semihost_hardfault.o
 .comment       0x000000000000007f       0x80 ./source/simple_pwm.o
 .comment       0x000000000000007f       0x80 ./drivers/fsl_clock.o
 .comment       0x000000000000007f       0x80 ./drivers/fsl_ctimer.o
 .comment       0x000000000000007f       0x80 ./drivers/fsl_flexcomm.o
 .comment       0x000000000000007f       0x80 ./drivers/fsl_reset.o
 .comment       0x000000000000007f       0x80 ./drivers/fsl_usart.o
 .comment       0x000000000000007f       0x80 ./device/system_LPC54114_cm4.o
 .comment       0x000000000000007f       0x80 ./component/uart/usart_adapter.o
 .comment       0x000000000000007f       0x80 ./component/serial_manager/serial_manager.o
 .comment       0x000000000000007f       0x80 ./component/serial_manager/serial_port_uart.o
 .comment       0x000000000000007f       0x80 ./board/board.o
 .comment       0x000000000000007f       0x80 ./board/clock_config.o
 .comment       0x000000000000007f       0x80 ./board/pin_mux.o
 .comment       0x000000000000007f       0x7f /home/himanshu/Documents/lpcxpresso54114_ctimer_pwm_example_Robot/libs/libpower_cm4_hardabi.a(fsl_power_lib.o)
                                         0x80 (size before relaxing)
 .comment       0x00000000000000fe       0x80 /usr/local/mcuxpressoide-10.3.1_2233/ide/plugins/com.nxp.mcuxpresso.tools.linux_10.3.0.201811011841/tools/bin/../lib/gcc/arm-none-eabi/7.3.1/../../../../arm-none-eabi/lib/thumb/v7e-m/fpv4-sp/hard/libcr_semihost_nf.a(_cr__main.o)
 .comment       0x00000000000000fe       0x80 /usr/local/mcuxpressoide-10.3.1_2233/ide/plugins/com.nxp.mcuxpresso.tools.linux_10.3.0.201811011841/tools/bin/../lib/gcc/arm-none-eabi/7.3.1/../../../../arm-none-eabi/lib/thumb/v7e-m/fpv4-sp/hard/libcr_semihost_nf.a(_cr_assert.o)
 .comment       0x00000000000000fe       0x80 /usr/local/mcuxpressoide-10.3.1_2233/ide/plugins/com.nxp.mcuxpresso.tools.linux_10.3.0.201811011841/tools/bin/../lib/gcc/arm-none-eabi/7.3.1/../../../../arm-none-eabi/lib/thumb/v7e-m/fpv4-sp/hard/libcr_semihost_nf.a(__ciob.o)
 .comment       0x00000000000000fe       0x80 /usr/local/mcuxpressoide-10.3.1_2233/ide/plugins/com.nxp.mcuxpresso.tools.linux_10.3.0.201811011841/tools/bin/../lib/gcc/arm-none-eabi/7.3.1/../../../../arm-none-eabi/lib/thumb/v7e-m/fpv4-sp/hard/libcr_c.a(memset.o)
 .comment       0x00000000000000fe       0x80 /usr/local/mcuxpressoide-10.3.1_2233/ide/plugins/com.nxp.mcuxpresso.tools.linux_10.3.0.201811011841/tools/bin/../lib/gcc/arm-none-eabi/7.3.1/../../../../arm-none-eabi/lib/thumb/v7e-m/fpv4-sp/hard/libcr_c.a(_deferredlazyseek.o)
 .comment       0x00000000000000fe       0x80 /usr/local/mcuxpressoide-10.3.1_2233/ide/plugins/com.nxp.mcuxpresso.tools.linux_10.3.0.201811011841/tools/bin/../lib/gcc/arm-none-eabi/7.3.1/../../../../arm-none-eabi/lib/thumb/v7e-m/fpv4-sp/hard/libcr_c.a(_fflush.o)
 .comment       0x00000000000000fe       0x80 /usr/local/mcuxpressoide-10.3.1_2233/ide/plugins/com.nxp.mcuxpresso.tools.linux_10.3.0.201811011841/tools/bin/../lib/gcc/arm-none-eabi/7.3.1/../../../../arm-none-eabi/lib/thumb/v7e-m/fpv4-sp/hard/libcr_c.a(_writebuf.o)
 .comment       0x00000000000000fe       0x80 /usr/local/mcuxpressoide-10.3.1_2233/ide/plugins/com.nxp.mcuxpresso.tools.linux_10.3.0.201811011841/tools/bin/../lib/gcc/arm-none-eabi/7.3.1/../../../../arm-none-eabi/lib/thumb/v7e-m/fpv4-sp/hard/libcr_c.a(alloc.o)
 .comment       0x00000000000000fe       0x80 /usr/local/mcuxpressoide-10.3.1_2233/ide/plugins/com.nxp.mcuxpresso.tools.linux_10.3.0.201811011841/tools/bin/../lib/gcc/arm-none-eabi/7.3.1/../../../../arm-none-eabi/lib/thumb/v7e-m/fpv4-sp/hard/libcr_c.a(fputs.o)
 .comment       0x00000000000000fe       0x80 /usr/local/mcuxpressoide-10.3.1_2233/ide/plugins/com.nxp.mcuxpresso.tools.linux_10.3.0.201811011841/tools/bin/../lib/gcc/arm-none-eabi/7.3.1/../../../../arm-none-eabi/lib/thumb/v7e-m/fpv4-sp/hard/libcr_c.a(fseek.o)
 .comment       0x00000000000000fe       0x80 /usr/local/mcuxpressoide-10.3.1_2233/ide/plugins/com.nxp.mcuxpresso.tools.linux_10.3.0.201811011841/tools/bin/../lib/gcc/arm-none-eabi/7.3.1/../../../../arm-none-eabi/lib/thumb/v7e-m/fpv4-sp/hard/libcr_c.a(ftell.o)
 .comment       0x00000000000000fe       0x80 /usr/local/mcuxpressoide-10.3.1_2233/ide/plugins/com.nxp.mcuxpresso.tools.linux_10.3.0.201811011841/tools/bin/../lib/gcc/arm-none-eabi/7.3.1/../../../../arm-none-eabi/lib/thumb/v7e-m/fpv4-sp/hard/libcr_c.a(initio.o)
 .comment       0x00000000000000fe       0x80 /usr/local/mcuxpressoide-10.3.1_2233/ide/plugins/com.nxp.mcuxpresso.tools.linux_10.3.0.201811011841/tools/bin/../lib/gcc/arm-none-eabi/7.3.1/../../../../arm-none-eabi/lib/thumb/v7e-m/fpv4-sp/hard/libcr_c.a(printf.o)
 .comment       0x00000000000000fe       0x80 /usr/local/mcuxpressoide-10.3.1_2233/ide/plugins/com.nxp.mcuxpresso.tools.linux_10.3.0.201811011841/tools/bin/../lib/gcc/arm-none-eabi/7.3.1/../../../../arm-none-eabi/lib/thumb/v7e-m/fpv4-sp/hard/libcr_c.a(setvbuf.o)
 .comment       0x00000000000000fe       0x80 /usr/local/mcuxpressoide-10.3.1_2233/ide/plugins/com.nxp.mcuxpresso.tools.linux_10.3.0.201811011841/tools/bin/../lib/gcc/arm-none-eabi/7.3.1/../../../../arm-none-eabi/lib/thumb/v7e-m/fpv4-sp/hard/libcr_c.a(strlen.o)
 .comment       0x00000000000000fe       0x80 /usr/local/mcuxpressoide-10.3.1_2233/ide/plugins/com.nxp.mcuxpresso.tools.linux_10.3.0.201811011841/tools/bin/../lib/gcc/arm-none-eabi/7.3.1/../../../../arm-none-eabi/lib/thumb/v7e-m/fpv4-sp/hard/libcr_c.a(__init_alloc.o)
 .comment       0x00000000000000fe       0x80 /usr/local/mcuxpressoide-10.3.1_2233/ide/plugins/com.nxp.mcuxpresso.tools.linux_10.3.0.201811011841/tools/bin/../lib/gcc/arm-none-eabi/7.3.1/../../../../arm-none-eabi/lib/thumb/v7e-m/fpv4-sp/hard/libcr_c.a(_cr_sbrk.o)
 .comment       0x00000000000000fe       0x80 /usr/local/mcuxpressoide-10.3.1_2233/ide/plugins/com.nxp.mcuxpresso.tools.linux_10.3.0.201811011841/tools/bin/../lib/gcc/arm-none-eabi/7.3.1/../../../../arm-none-eabi/lib/thumb/v7e-m/fpv4-sp/hard/libcr_c.a(_fdopen.o)
 .comment       0x00000000000000fe       0x80 /usr/local/mcuxpressoide-10.3.1_2233/ide/plugins/com.nxp.mcuxpresso.tools.linux_10.3.0.201811011841/tools/bin/../lib/gcc/arm-none-eabi/7.3.1/../../../../arm-none-eabi/lib/thumb/v7e-m/fpv4-sp/hard/libcr_c.a(errno.o)
 .comment       0x00000000000000fe       0x80 /usr/local/mcuxpressoide-10.3.1_2233/ide/plugins/com.nxp.mcuxpresso.tools.linux_10.3.0.201811011841/tools/bin/../lib/gcc/arm-none-eabi/7.3.1/../../../../arm-none-eabi/lib/thumb/v7e-m/fpv4-sp/hard/libcr_c.a(fclose.o)
 .comment       0x00000000000000fe       0x80 /usr/local/mcuxpressoide-10.3.1_2233/ide/plugins/com.nxp.mcuxpresso.tools.linux_10.3.0.201811011841/tools/bin/../lib/gcc/arm-none-eabi/7.3.1/../../../../arm-none-eabi/lib/thumb/v7e-m/fpv4-sp/hard/libcr_c.a(fflush.o)
 .comment       0x00000000000000fe       0x80 /usr/local/mcuxpressoide-10.3.1_2233/ide/plugins/com.nxp.mcuxpresso.tools.linux_10.3.0.201811011841/tools/bin/../lib/gcc/arm-none-eabi/7.3.1/../../../../arm-none-eabi/lib/thumb/v7e-m/fpv4-sp/hard/libcr_c.a(remove.o)
 .comment       0x00000000000000fe       0x80 /usr/local/mcuxpressoide-10.3.1_2233/ide/plugins/com.nxp.mcuxpresso.tools.linux_10.3.0.201811011841/tools/bin/../lib/gcc/arm-none-eabi/7.3.1/../../../../arm-none-eabi/lib/thumb/v7e-m/fpv4-sp/hard/libcr_c.a(_cr_check_heap.o)
 .comment       0x00000000000000fe       0x80 /usr/local/mcuxpressoide-10.3.1_2233/ide/plugins/com.nxp.mcuxpresso.tools.linux_10.3.0.201811011841/tools/bin/../lib/gcc/arm-none-eabi/7.3.1/../../../../arm-none-eabi/lib/thumb/v7e-m/fpv4-sp/hard/libcr_c.a(_do_fflush.o)

.ARM.attributes
                0x0000000000000000       0x37
 .ARM.attributes
                0x0000000000000000       0x39 ./utilities/fsl_debug_console.o
 .ARM.attributes
                0x0000000000000039       0x39 ./startup/startup_lpc5411x.o
 .ARM.attributes
                0x0000000000000072       0x39 ./source/semihost_hardfault.o
 .ARM.attributes
                0x00000000000000ab       0x39 ./source/simple_pwm.o
 .ARM.attributes
                0x00000000000000e4       0x39 ./drivers/fsl_clock.o
 .ARM.attributes
                0x000000000000011d       0x39 ./drivers/fsl_ctimer.o
 .ARM.attributes
                0x0000000000000156       0x39 ./drivers/fsl_flexcomm.o
 .ARM.attributes
                0x000000000000018f       0x39 ./drivers/fsl_reset.o
 .ARM.attributes
                0x00000000000001c8       0x39 ./drivers/fsl_usart.o
 .ARM.attributes
                0x0000000000000201       0x39 ./device/system_LPC54114_cm4.o
 .ARM.attributes
                0x000000000000023a       0x39 ./component/uart/usart_adapter.o
 .ARM.attributes
                0x0000000000000273       0x39 ./component/serial_manager/serial_manager.o
 .ARM.attributes
                0x00000000000002ac       0x39 ./component/serial_manager/serial_port_uart.o
 .ARM.attributes
                0x00000000000002e5       0x39 ./board/board.o
 .ARM.attributes
                0x000000000000031e       0x39 ./board/clock_config.o
 .ARM.attributes
                0x0000000000000357       0x39 ./board/pin_mux.o
 .ARM.attributes
                0x0000000000000390       0x39 /home/himanshu/Documents/lpcxpresso54114_ctimer_pwm_example_Robot/libs/libpower_cm4_hardabi.a(fsl_power_lib.o)
 .ARM.attributes
                0x00000000000003c9       0x39 /usr/local/mcuxpressoide-10.3.1_2233/ide/plugins/com.nxp.mcuxpresso.tools.linux_10.3.0.201811011841/tools/bin/../lib/gcc/arm-none-eabi/7.3.1/../../../../arm-none-eabi/lib/thumb/v7e-m/fpv4-sp/hard/libcr_semihost_nf.a(_cr__main.o)
 .ARM.attributes
                0x0000000000000402       0x39 /usr/local/mcuxpressoide-10.3.1_2233/ide/plugins/com.nxp.mcuxpresso.tools.linux_10.3.0.201811011841/tools/bin/../lib/gcc/arm-none-eabi/7.3.1/../../../../arm-none-eabi/lib/thumb/v7e-m/fpv4-sp/hard/libcr_semihost_nf.a(_cr_assert.o)
 .ARM.attributes
                0x000000000000043b       0x39 /usr/local/mcuxpressoide-10.3.1_2233/ide/plugins/com.nxp.mcuxpresso.tools.linux_10.3.0.201811011841/tools/bin/../lib/gcc/arm-none-eabi/7.3.1/../../../../arm-none-eabi/lib/thumb/v7e-m/fpv4-sp/hard/libcr_semihost_nf.a(__ciob.o)
 .ARM.attributes
                0x0000000000000474       0x25 /usr/local/mcuxpressoide-10.3.1_2233/ide/plugins/com.nxp.mcuxpresso.tools.linux_10.3.0.201811011841/tools/bin/../lib/gcc/arm-none-eabi/7.3.1/../../../../arm-none-eabi/lib/thumb/v7e-m/fpv4-sp/hard/libcr_semihost_nf.a(__sys_appexit.o)
 .ARM.attributes
                0x0000000000000499       0x39 /usr/local/mcuxpressoide-10.3.1_2233/ide/plugins/com.nxp.mcuxpresso.tools.linux_10.3.0.201811011841/tools/bin/../lib/gcc/arm-none-eabi/7.3.1/../../../../arm-none-eabi/lib/thumb/v7e-m/fpv4-sp/hard/libcr_c.a(memset.o)
 .ARM.attributes
                0x00000000000004d2       0x39 /usr/local/mcuxpressoide-10.3.1_2233/ide/plugins/com.nxp.mcuxpresso.tools.linux_10.3.0.201811011841/tools/bin/../lib/gcc/arm-none-eabi/7.3.1/../../../../arm-none-eabi/lib/thumb/v7e-m/fpv4-sp/hard/libcr_c.a(_deferredlazyseek.o)
 .ARM.attributes
                0x000000000000050b       0x39 /usr/local/mcuxpressoide-10.3.1_2233/ide/plugins/com.nxp.mcuxpresso.tools.linux_10.3.0.201811011841/tools/bin/../lib/gcc/arm-none-eabi/7.3.1/../../../../arm-none-eabi/lib/thumb/v7e-m/fpv4-sp/hard/libcr_c.a(_fflush.o)
 .ARM.attributes
                0x0000000000000544       0x39 /usr/local/mcuxpressoide-10.3.1_2233/ide/plugins/com.nxp.mcuxpresso.tools.linux_10.3.0.201811011841/tools/bin/../lib/gcc/arm-none-eabi/7.3.1/../../../../arm-none-eabi/lib/thumb/v7e-m/fpv4-sp/hard/libcr_c.a(_writebuf.o)
 .ARM.attributes
                0x000000000000057d       0x39 /usr/local/mcuxpressoide-10.3.1_2233/ide/plugins/com.nxp.mcuxpresso.tools.linux_10.3.0.201811011841/tools/bin/../lib/gcc/arm-none-eabi/7.3.1/../../../../arm-none-eabi/lib/thumb/v7e-m/fpv4-sp/hard/libcr_c.a(alloc.o)
 .ARM.attributes
                0x00000000000005b6       0x39 /usr/local/mcuxpressoide-10.3.1_2233/ide/plugins/com.nxp.mcuxpresso.tools.linux_10.3.0.201811011841/tools/bin/../lib/gcc/arm-none-eabi/7.3.1/../../../../arm-none-eabi/lib/thumb/v7e-m/fpv4-sp/hard/libcr_c.a(fputs.o)
 .ARM.attributes
                0x00000000000005ef       0x39 /usr/local/mcuxpressoide-10.3.1_2233/ide/plugins/com.nxp.mcuxpresso.tools.linux_10.3.0.201811011841/tools/bin/../lib/gcc/arm-none-eabi/7.3.1/../../../../arm-none-eabi/lib/thumb/v7e-m/fpv4-sp/hard/libcr_c.a(fseek.o)
 .ARM.attributes
                0x0000000000000628       0x39 /usr/local/mcuxpressoide-10.3.1_2233/ide/plugins/com.nxp.mcuxpresso.tools.linux_10.3.0.201811011841/tools/bin/../lib/gcc/arm-none-eabi/7.3.1/../../../../arm-none-eabi/lib/thumb/v7e-m/fpv4-sp/hard/libcr_c.a(ftell.o)
 .ARM.attributes
                0x0000000000000661       0x39 /usr/local/mcuxpressoide-10.3.1_2233/ide/plugins/com.nxp.mcuxpresso.tools.linux_10.3.0.201811011841/tools/bin/../lib/gcc/arm-none-eabi/7.3.1/../../../../arm-none-eabi/lib/thumb/v7e-m/fpv4-sp/hard/libcr_c.a(initio.o)
 .ARM.attributes
                0x000000000000069a       0x39 /usr/local/mcuxpressoide-10.3.1_2233/ide/plugins/com.nxp.mcuxpresso.tools.linux_10.3.0.201811011841/tools/bin/../lib/gcc/arm-none-eabi/7.3.1/../../../../arm-none-eabi/lib/thumb/v7e-m/fpv4-sp/hard/libcr_c.a(printf.o)
 .ARM.attributes
                0x00000000000006d3       0x39 /usr/local/mcuxpressoide-10.3.1_2233/ide/plugins/com.nxp.mcuxpresso.tools.linux_10.3.0.201811011841/tools/bin/../lib/gcc/arm-none-eabi/7.3.1/../../../../arm-none-eabi/lib/thumb/v7e-m/fpv4-sp/hard/libcr_c.a(setvbuf.o)
 .ARM.attributes
                0x000000000000070c       0x39 /usr/local/mcuxpressoide-10.3.1_2233/ide/plugins/com.nxp.mcuxpresso.tools.linux_10.3.0.201811011841/tools/bin/../lib/gcc/arm-none-eabi/7.3.1/../../../../arm-none-eabi/lib/thumb/v7e-m/fpv4-sp/hard/libcr_c.a(strlen.o)
 .ARM.attributes
                0x0000000000000745       0x39 /usr/local/mcuxpressoide-10.3.1_2233/ide/plugins/com.nxp.mcuxpresso.tools.linux_10.3.0.201811011841/tools/bin/../lib/gcc/arm-none-eabi/7.3.1/../../../../arm-none-eabi/lib/thumb/v7e-m/fpv4-sp/hard/libcr_c.a(__init_alloc.o)
 .ARM.attributes
                0x000000000000077e       0x39 /usr/local/mcuxpressoide-10.3.1_2233/ide/plugins/com.nxp.mcuxpresso.tools.linux_10.3.0.201811011841/tools/bin/../lib/gcc/arm-none-eabi/7.3.1/../../../../arm-none-eabi/lib/thumb/v7e-m/fpv4-sp/hard/libcr_c.a(_cr_sbrk.o)
 .ARM.attributes
                0x00000000000007b7       0x39 /usr/local/mcuxpressoide-10.3.1_2233/ide/plugins/com.nxp.mcuxpresso.tools.linux_10.3.0.201811011841/tools/bin/../lib/gcc/arm-none-eabi/7.3.1/../../../../arm-none-eabi/lib/thumb/v7e-m/fpv4-sp/hard/libcr_c.a(_fdopen.o)
 .ARM.attributes
                0x00000000000007f0       0x39 /usr/local/mcuxpressoide-10.3.1_2233/ide/plugins/com.nxp.mcuxpresso.tools.linux_10.3.0.201811011841/tools/bin/../lib/gcc/arm-none-eabi/7.3.1/../../../../arm-none-eabi/lib/thumb/v7e-m/fpv4-sp/hard/libcr_c.a(errno.o)
 .ARM.attributes
                0x0000000000000829       0x39 /usr/local/mcuxpressoide-10.3.1_2233/ide/plugins/com.nxp.mcuxpresso.tools.linux_10.3.0.201811011841/tools/bin/../lib/gcc/arm-none-eabi/7.3.1/../../../../arm-none-eabi/lib/thumb/v7e-m/fpv4-sp/hard/libcr_c.a(fclose.o)
 .ARM.attributes
                0x0000000000000862       0x39 /usr/local/mcuxpressoide-10.3.1_2233/ide/plugins/com.nxp.mcuxpresso.tools.linux_10.3.0.201811011841/tools/bin/../lib/gcc/arm-none-eabi/7.3.1/../../../../arm-none-eabi/lib/thumb/v7e-m/fpv4-sp/hard/libcr_c.a(fflush.o)
 .ARM.attributes
                0x000000000000089b       0x39 /usr/local/mcuxpressoide-10.3.1_2233/ide/plugins/com.nxp.mcuxpresso.tools.linux_10.3.0.201811011841/tools/bin/../lib/gcc/arm-none-eabi/7.3.1/../../../../arm-none-eabi/lib/thumb/v7e-m/fpv4-sp/hard/libcr_c.a(remove.o)
 .ARM.attributes
                0x00000000000008d4       0x39 /usr/local/mcuxpressoide-10.3.1_2233/ide/plugins/com.nxp.mcuxpresso.tools.linux_10.3.0.201811011841/tools/bin/../lib/gcc/arm-none-eabi/7.3.1/../../../../arm-none-eabi/lib/thumb/v7e-m/fpv4-sp/hard/libcr_c.a(_cr_check_heap.o)
 .ARM.attributes
                0x000000000000090d       0x39 /usr/local/mcuxpressoide-10.3.1_2233/ide/plugins/com.nxp.mcuxpresso.tools.linux_10.3.0.201811011841/tools/bin/../lib/gcc/arm-none-eabi/7.3.1/../../../../arm-none-eabi/lib/thumb/v7e-m/fpv4-sp/hard/libcr_c.a(_do_fflush.o)
 .ARM.attributes
                0x0000000000000946       0x25 /usr/local/mcuxpressoide-10.3.1_2233/ide/plugins/com.nxp.mcuxpresso.tools.linux_10.3.0.201811011841/tools/bin/../lib/gcc/arm-none-eabi/7.3.1/thumb/v7e-m/fpv4-sp/hard/libcr_eabihelpers.a(division_64.o)
 .ARM.attributes
                0x000000000000096b       0x25 /usr/local/mcuxpressoide-10.3.1_2233/ide/plugins/com.nxp.mcuxpresso.tools.linux_10.3.0.201811011841/tools/bin/../lib/gcc/arm-none-eabi/7.3.1/thumb/v7e-m/fpv4-sp/hard/libcr_eabihelpers.a(division_idiv0.o)
 .ARM.attributes
                0x0000000000000990       0x25 /usr/local/mcuxpressoide-10.3.1_2233/ide/plugins/com.nxp.mcuxpresso.tools.linux_10.3.0.201811011841/tools/bin/../lib/gcc/arm-none-eabi/7.3.1/thumb/v7e-m/fpv4-sp/hard/libcr_eabihelpers.a(memcpy.o)
 .ARM.attributes
                0x00000000000009b5       0x25 /usr/local/mcuxpressoide-10.3.1_2233/ide/plugins/com.nxp.mcuxpresso.tools.linux_10.3.0.201811011841/tools/bin/../lib/gcc/arm-none-eabi/7.3.1/../../../../arm-none-eabi/lib/thumb/v7e-m/fpv4-sp/hard/libcr_semihost_nf.a(__sys_close.o)
 .ARM.attributes
                0x00000000000009da       0x25 /usr/local/mcuxpressoide-10.3.1_2233/ide/plugins/com.nxp.mcuxpresso.tools.linux_10.3.0.201811011841/tools/bin/../lib/gcc/arm-none-eabi/7.3.1/../../../../arm-none-eabi/lib/thumb/v7e-m/fpv4-sp/hard/libcr_semihost_nf.a(__sys_flen.o)
 .ARM.attributes
                0x00000000000009ff       0x25 /usr/local/mcuxpressoide-10.3.1_2233/ide/plugins/com.nxp.mcuxpresso.tools.linux_10.3.0.201811011841/tools/bin/../lib/gcc/arm-none-eabi/7.3.1/../../../../arm-none-eabi/lib/thumb/v7e-m/fpv4-sp/hard/libcr_semihost_nf.a(__sys_istty.o)
 .ARM.attributes
                0x0000000000000a24       0x25 /usr/local/mcuxpressoide-10.3.1_2233/ide/plugins/com.nxp.mcuxpresso.tools.linux_10.3.0.201811011841/tools/bin/../lib/gcc/arm-none-eabi/7.3.1/../../../../arm-none-eabi/lib/thumb/v7e-m/fpv4-sp/hard/libcr_semihost_nf.a(__sys_remove.o)
 .ARM.attributes
                0x0000000000000a49       0x25 /usr/local/mcuxpressoide-10.3.1_2233/ide/plugins/com.nxp.mcuxpresso.tools.linux_10.3.0.201811011841/tools/bin/../lib/gcc/arm-none-eabi/7.3.1/../../../../arm-none-eabi/lib/thumb/v7e-m/fpv4-sp/hard/libcr_semihost_nf.a(__sys_seek.o)
 .ARM.attributes
                0x0000000000000a6e       0x25 /usr/local/mcuxpressoide-10.3.1_2233/ide/plugins/com.nxp.mcuxpresso.tools.linux_10.3.0.201811011841/tools/bin/../lib/gcc/arm-none-eabi/7.3.1/../../../../arm-none-eabi/lib/thumb/v7e-m/fpv4-sp/hard/libcr_semihost_nf.a(__sys_tmpnam.o)
 .ARM.attributes
                0x0000000000000a93       0x25 /usr/local/mcuxpressoide-10.3.1_2233/ide/plugins/com.nxp.mcuxpresso.tools.linux_10.3.0.201811011841/tools/bin/../lib/gcc/arm-none-eabi/7.3.1/../../../../arm-none-eabi/lib/thumb/v7e-m/fpv4-sp/hard/libcr_semihost_nf.a(__sys_write.o)

.debug_frame    0x0000000000000000     0x1e84
 .debug_frame   0x0000000000000000      0x100 ./utilities/fsl_debug_console.o
 .debug_frame   0x0000000000000100      0x4c4 ./startup/startup_lpc5411x.o
 .debug_frame   0x00000000000005c4       0x20 ./source/semihost_hardfault.o
 .debug_frame   0x00000000000005e4       0x80 ./source/simple_pwm.o
 .debug_frame   0x0000000000000664      0x784 ./drivers/fsl_clock.o
 .debug_frame   0x0000000000000de8      0x340 ./drivers/fsl_ctimer.o
 .debug_frame   0x0000000000001128      0x1d0 ./drivers/fsl_flexcomm.o
 .debug_frame   0x00000000000012f8       0xf0 ./drivers/fsl_reset.o
 .debug_frame   0x00000000000013e8      0x388 ./drivers/fsl_usart.o
 .debug_frame   0x0000000000001770      0x184 ./device/system_LPC54114_cm4.o
 .debug_frame   0x00000000000018f4       0xc8 ./component/uart/usart_adapter.o
 .debug_frame   0x00000000000019bc      0x208 ./component/serial_manager/serial_manager.o
 .debug_frame   0x0000000000001bc4       0xa0 ./component/serial_manager/serial_port_uart.o
 .debug_frame   0x0000000000001c64       0x58 ./board/board.o
 .debug_frame   0x0000000000001cbc       0x8c ./board/clock_config.o
 .debug_frame   0x0000000000001d48       0x84 ./board/pin_mux.o
 .debug_frame   0x0000000000001dcc       0xb8 /home/himanshu/Documents/lpcxpresso54114_ctimer_pwm_example_Robot/libs/libpower_cm4_hardabi.a(fsl_power_lib.o)

.debug_loc      0x0000000000000000      0x346
 .debug_loc     0x0000000000000000      0x346 /home/himanshu/Documents/lpcxpresso54114_ctimer_pwm_example_Robot/libs/libpower_cm4_hardabi.a(fsl_power_lib.o)
