Archive member included to satisfy reference by file (symbol)

/home/amarpreet/Documents/MCUXpresso_10.3.0_2200/workspace/lpc_board_nxp_lpcxpresso_1769/Debug/liblpc_board_nxp_lpcxpresso_1769.a(board.o)
                              ./src/proj_1.o (Board_LED_Set)
/home/amarpreet/Documents/MCUXpresso_10.3.0_2200/workspace/lpc_board_nxp_lpcxpresso_1769/Debug/liblpc_board_nxp_lpcxpresso_1769.a(board_sysinit.o)
                              ./src/sysinit.o (Board_SystemInit)
/home/amarpreet/Documents/MCUXpresso_10.3.0_2200/workspace/lpc_chip_175x_6x/Debug/liblpc_chip_175x_6x.a(chip_17xx_40xx.o)
                              ./src/proj_1.o (SystemCoreClockUpdate)
/home/amarpreet/Documents/MCUXpresso_10.3.0_2200/workspace/lpc_chip_175x_6x/Debug/liblpc_chip_175x_6x.a(clock_17xx_40xx.o)
                              /home/amarpreet/Documents/MCUXpresso_10.3.0_2200/workspace/lpc_chip_175x_6x/Debug/liblpc_chip_175x_6x.a(chip_17xx_40xx.o) (Chip_Clock_EnablePLL)
/home/amarpreet/Documents/MCUXpresso_10.3.0_2200/workspace/lpc_chip_175x_6x/Debug/liblpc_chip_175x_6x.a(i2s_17xx_40xx.o)
                              /home/amarpreet/Documents/MCUXpresso_10.3.0_2200/workspace/lpc_board_nxp_lpcxpresso_1769/Debug/liblpc_board_nxp_lpcxpresso_1769.a(board.o) (Chip_I2S_Init)
/home/amarpreet/Documents/MCUXpresso_10.3.0_2200/workspace/lpc_chip_175x_6x/Debug/liblpc_chip_175x_6x.a(iocon_17xx_40xx.o)
                              /home/amarpreet/Documents/MCUXpresso_10.3.0_2200/workspace/lpc_board_nxp_lpcxpresso_1769/Debug/liblpc_board_nxp_lpcxpresso_1769.a(board.o) (Chip_IOCON_PinMux)
/home/amarpreet/Documents/MCUXpresso_10.3.0_2200/workspace/lpc_chip_175x_6x/Debug/liblpc_chip_175x_6x.a(sysinit_17xx_40xx.o)
                              /home/amarpreet/Documents/MCUXpresso_10.3.0_2200/workspace/lpc_board_nxp_lpcxpresso_1769/Debug/liblpc_board_nxp_lpcxpresso_1769.a(board_sysinit.o) (Chip_SetupXtalClocking)
/home/amarpreet/Documents/MCUXpresso_10.3.0_2200/workspace/lpc_chip_175x_6x/Debug/liblpc_chip_175x_6x.a(uart_17xx_40xx.o)
                              /home/amarpreet/Documents/MCUXpresso_10.3.0_2200/workspace/lpc_board_nxp_lpcxpresso_1769/Debug/liblpc_board_nxp_lpcxpresso_1769.a(board.o) (Chip_UART_Init)
/home/amarpreet/Documents/MCUXpresso_10.3.0_2200/workspace/lpc_chip_175x_6x/Debug/liblpc_chip_175x_6x.a(ring_buffer.o)
                              /home/amarpreet/Documents/MCUXpresso_10.3.0_2200/workspace/lpc_chip_175x_6x/Debug/liblpc_chip_175x_6x.a(uart_17xx_40xx.o) (RingBuffer_Insert)
/usr/local/mcuxpressoide-10.3.0_2200/ide/plugins/com.nxp.mcuxpresso.tools.linux_10.3.0.201811011841/tools/bin/../lib/gcc/arm-none-eabi/7.3.1/../../../../arm-none-eabi/lib/thumb/v7-m/libcr_c.a(memcpy.o)
                              /home/amarpreet/Documents/MCUXpresso_10.3.0_2200/workspace/lpc_board_nxp_lpcxpresso_1769/Debug/liblpc_board_nxp_lpcxpresso_1769.a(board.o) (memcpy)
/usr/local/mcuxpressoide-10.3.0_2200/ide/plugins/com.nxp.mcuxpresso.tools.linux_10.3.0.201811011841/tools/bin/../lib/gcc/arm-none-eabi/7.3.1/../../../../arm-none-eabi/lib/thumb/v7-m/libcr_c.a(__weak__main.o)
                              ./src/cr_startup_lpc175x_6x.o (__main)
/usr/local/mcuxpressoide-10.3.0_2200/ide/plugins/com.nxp.mcuxpresso.tools.linux_10.3.0.201811011841/tools/bin/../lib/gcc/arm-none-eabi/7.3.1/thumb/v7-m/libcr_eabihelpers.a(division_64.o)
                              /home/amarpreet/Documents/MCUXpresso_10.3.0_2200/workspace/lpc_chip_175x_6x/Debug/liblpc_chip_175x_6x.a(i2s_17xx_40xx.o) (__aeabi_uldivmod)
/usr/local/mcuxpressoide-10.3.0_2200/ide/plugins/com.nxp.mcuxpresso.tools.linux_10.3.0.201811011841/tools/bin/../lib/gcc/arm-none-eabi/7.3.1/thumb/v7-m/libcr_eabihelpers.a(division_idiv0.o)
                              /usr/local/mcuxpressoide-10.3.0_2200/ide/plugins/com.nxp.mcuxpresso.tools.linux_10.3.0.201811011841/tools/bin/../lib/gcc/arm-none-eabi/7.3.1/thumb/v7-m/libcr_eabihelpers.a(division_64.o) (__aeabi_idiv0)
/usr/local/mcuxpressoide-10.3.0_2200/ide/plugins/com.nxp.mcuxpresso.tools.linux_10.3.0.201811011841/tools/bin/../lib/gcc/arm-none-eabi/7.3.1/thumb/v7-m/libcr_eabihelpers.a(memcpy.o)
                              /usr/local/mcuxpressoide-10.3.0_2200/ide/plugins/com.nxp.mcuxpresso.tools.linux_10.3.0.201811011841/tools/bin/../lib/gcc/arm-none-eabi/7.3.1/../../../../arm-none-eabi/lib/thumb/v7-m/libcr_c.a(memcpy.o) (__aeabi_memcpy)

Allocating common symbols
Common symbol       size              file

SystemCoreClock     0x4               /home/amarpreet/Documents/MCUXpresso_10.3.0_2200/workspace/lpc_chip_175x_6x/Debug/liblpc_chip_175x_6x.a(chip_17xx_40xx.o)

Discarded input sections

 .group         0x0000000000000000        0xc ./src/cr_startup_lpc175x_6x.o
 .text          0x0000000000000000        0x0 ./src/cr_startup_lpc175x_6x.o
 .data          0x0000000000000000        0x0 ./src/cr_startup_lpc175x_6x.o
 .bss           0x0000000000000000        0x0 ./src/cr_startup_lpc175x_6x.o
 .group         0x0000000000000000        0xc ./src/crp.o
[...]
Memory Configuration

Name             Origin             Length             Attributes
MFlash512        0x0000000000000000 0x0000000000080000 xr
RamLoc32         0x0000000010000000 0x0000000000008000 xrw
RamAHB32         0x000000002007c000 0x0000000000008000 xrw
*default*        0x0000000000000000 0xffffffffffffffff

Linker script and memory map

LOAD ./src/cr_startup_lpc175x_6x.o
LOAD ./src/crp.o
LOAD ./src/proj_1.o
LOAD ./src/sysinit.o
LOAD /home/amarpreet/Documents/MCUXpresso_10.3.0_2200/workspace/lpc_board_nxp_lpcxpresso_1769/Debug/liblpc_board_nxp_lpcxpresso_1769.a
LOAD /home/amarpreet/Documents/MCUXpresso_10.3.0_2200/workspace/lpc_chip_175x_6x/Debug/liblpc_chip_175x_6x.a
START GROUP
LOAD /usr/local/mcuxpressoide-10.3.0_2200/ide/plugins/com.nxp.mcuxpresso.tools.linux_10.3.0.201811011841/tools/bin/../lib/gcc/arm-none-eabi/7.3.1/../../../../arm-none-eabi/lib/thumb/v7-m/libcr_c.a
LOAD /usr/local/mcuxpressoide-10.3.0_2200/ide/plugins/com.nxp.mcuxpresso.tools.linux_10.3.0.201811011841/tools/bin/../lib/gcc/arm-none-eabi/7.3.1/thumb/v7-m/libcr_eabihelpers.a
END GROUP
                0x0000000000000000                __base_MFlash512 = 0x0
                0x0000000000000000                __base_Flash = 0x0
                0x0000000000080000                __top_MFlash512 = 0x80000
                0x0000000000080000                __top_Flash = 0x80000
                0x0000000010000000                __base_RamLoc32 = 0x10000000
                0x0000000010000000                __base_RAM = 0x10000000
                0x0000000010008000                __top_RamLoc32 = 0x10008000
                0x0000000010008000                __top_RAM = 0x10008000
                0x000000002007c000                __base_RamAHB32 = 0x2007c000
                0x000000002007c000                __base_RAM2 = 0x2007c000
                0x0000000020084000                __top_RamAHB32 = 0x20084000
                0x0000000020084000                __top_RAM2 = 0x20084000

.text           0x0000000000000000      0xf60
 FILL mask 0xff
                0x0000000000000000                __vectors_start__ = ABSOLUTE (.)
 *(.isr_vector)
 .isr_vector    0x0000000000000000       0xcc ./src/cr_startup_lpc175x_6x.o
                0x0000000000000000                g_pfnVectors
                0x00000000000000cc                . = ALIGN (0x4)
                0x00000000000000cc                __section_table_start = .
                0x00000000000000cc                __data_section_table = .
                0x00000000000000cc        0x4 LONG 0xf60 LOADADDR (.data)
                0x00000000000000d0        0x4 LONG 0x10000000 ADDR (.data)
                0x00000000000000d4        0x4 LONG 0x0 SIZEOF (.data)
                0x00000000000000d8        0x4 LONG 0xf60 LOADADDR (.data_RAM2)
                0x00000000000000dc        0x4 LONG 0x2007c000 ADDR (.data_RAM2)
                0x00000000000000e0        0x4 LONG 0x0 SIZEOF (.data_RAM2)
                0x00000000000000e4                __data_section_table_end = .
                0x00000000000000e4                __bss_section_table = .
                0x00000000000000e4        0x4 LONG 0x10000000 ADDR (.bss)
                0x00000000000000e8        0x4 LONG 0x4 SIZEOF (.bss)
                0x00000000000000ec        0x4 LONG 0x2007c000 ADDR (.bss_RAM2)
                0x00000000000000f0        0x4 LONG 0x0 SIZEOF (.bss_RAM2)
                0x00000000000000f4                __bss_section_table_end = .
                0x00000000000000f4                __section_table_end = .
 *(.after_vectors*)
 .after_vectors
                0x00000000000000f4      0x12c ./src/cr_startup_lpc175x_6x.o
                0x00000000000000f4                data_init
                0x0000000000000136                bss_init
                0x000000000000016c                ResetISR
                0x00000000000001e4                NMI_Handler
                0x00000000000001ea                HardFault_Handler
                0x00000000000001f0                MemManage_Handler
                0x00000000000001f6                BusFault_Handler
                0x00000000000001fc                UsageFault_Handler
                0x0000000000000202                SVC_Handler
                0x0000000000000208                DebugMon_Handler
                0x000000000000020e                PendSV_Handler
                0x0000000000000214                SysTick_Handler
                0x000000000000021a                TIMER2_IRQHandler
                0x000000000000021a                RIT_IRQHandler
                0x000000000000021a                I2C0_IRQHandler
                0x000000000000021a                USBActivity_IRQHandler
                0x000000000000021a                PWM1_IRQHandler
                0x000000000000021a                I2C1_IRQHandler
                0x000000000000021a                EINT2_IRQHandler
                0x000000000000021a                UART1_IRQHandler
                0x000000000000021a                EINT3_IRQHandler
                0x000000000000021a                CANActivity_IRQHandler
                0x000000000000021a                TIMER3_IRQHandler
                0x000000000000021a                UART0_IRQHandler
                0x000000000000021a                IntDefaultHandler
                0x000000000000021a                PLL0_IRQHandler
                0x000000000000021a                CAN_IRQHandler
                0x000000000000021a                PLL1_IRQHandler
                0x000000000000021a                SSP0_IRQHandler
                0x000000000000021a                I2S_IRQHandler
                0x000000000000021a                I2C2_IRQHandler
                0x000000000000021a                RTC_IRQHandler
                0x000000000000021a                TIMER0_IRQHandler
                0x000000000000021a                SPI_IRQHandler
                0x000000000000021a                EINT1_IRQHandler
                0x000000000000021a                TIMER1_IRQHandler
                0x000000000000021a                UART2_IRQHandler
                0x000000000000021a                ADC_IRQHandler
                0x000000000000021a                SSP1_IRQHandler
                0x000000000000021a                USB_IRQHandler
                0x000000000000021a                BOD_IRQHandler
                0x000000000000021a                WDT_IRQHandler
                0x000000000000021a                QEI_IRQHandler
                0x000000000000021a                EINT0_IRQHandler
                0x000000000000021a                ETH_IRQHandler
                0x000000000000021a                DMA_IRQHandler
                0x000000000000021a                UART3_IRQHandler
                0x000000000000021a                MCPWM_IRQHandler
                0x00000000000002fc                . = 0x2fc
 *fill*         0x0000000000000220       0xdc ff
                0x00000000000002fc                PROVIDE (__CRP_WORD_START__ = .)
 *(.crp)
 .crp           0x00000000000002fc        0x4 ./src/crp.o
                0x00000000000002fc                CRP_WORD
                0x0000000000000300                PROVIDE (__CRP_WORD_END__ = .)
                0x0000000000000001                ASSERT (! ((__CRP_WORD_START__ == __CRP_WORD_END__)), Linker CRP Enabled, but no CRP_WORD provided within application)
 *(.text*)
 .text.main     0x0000000000000300       0x34 ./src/proj_1.o
                0x0000000000000300                main
 .text.SystemInit
                0x0000000000000334       0x24 ./src/sysinit.o
                0x0000000000000334                SystemInit
 .text.Chip_IOCON_Init
                0x0000000000000358       0x16 /home/amarpreet/Documents/MCUXpresso_10.3.0_2200/workspace/lpc_board_nxp_lpcxpresso_1769/Debug/liblpc_board_nxp_lpcxpresso_1769.a(board.o)
 .text.Chip_GPIO_Init
                0x000000000000036e       0x16 /home/amarpreet/Documents/MCUXpresso_10.3.0_2200/workspace/lpc_board_nxp_lpcxpresso_1769/Debug/liblpc_board_nxp_lpcxpresso_1769.a(board.o)
 .text.Chip_GPIO_SetPinState
                0x0000000000000384       0x64 /home/amarpreet/Documents/MCUXpresso_10.3.0_2200/workspace/lpc_board_nxp_lpcxpresso_1769/Debug/liblpc_board_nxp_lpcxpresso_1769.a(board.o)
 .text.Chip_GPIO_WritePortBit
                0x00000000000003e8       0x2c /home/amarpreet/Documents/MCUXpresso_10.3.0_2200/workspace/lpc_board_nxp_lpcxpresso_1769/Debug/liblpc_board_nxp_lpcxpresso_1769.a(board.o)
 .text.Chip_GPIO_SetPinDIROutput
                0x0000000000000414       0x36 /home/amarpreet/Documents/MCUXpresso_10.3.0_2200/workspace/lpc_board_nxp_lpcxpresso_1769/Debug/liblpc_board_nxp_lpcxpresso_1769.a(board.o)
 .text.Chip_GPIO_SetPinDIRInput
                0x000000000000044a       0x3a /home/amarpreet/Documents/MCUXpresso_10.3.0_2200/workspace/lpc_board_nxp_lpcxpresso_1769/Debug/liblpc_board_nxp_lpcxpresso_1769.a(board.o)
 .text.Chip_GPIO_SetPinDIR
                0x0000000000000484       0x42 /home/amarpreet/Documents/MCUXpresso_10.3.0_2200/workspace/lpc_board_nxp_lpcxpresso_1769/Debug/liblpc_board_nxp_lpcxpresso_1769.a(board.o)
 .text.Chip_GPIO_WriteDirBit
                0x00000000000004c6       0x2e /home/amarpreet/Documents/MCUXpresso_10.3.0_2200/workspace/lpc_board_nxp_lpcxpresso_1769/Debug/liblpc_board_nxp_lpcxpresso_1769.a(board.o)
 .text.Chip_UART_ConfigData
                0x00000000000004f4       0x1a /home/amarpreet/Documents/MCUXpresso_10.3.0_2200/workspace/lpc_board_nxp_lpcxpresso_1769/Debug/liblpc_board_nxp_lpcxpresso_1769.a(board.o)
 *fill*         0x000000000000050e        0x2 ff
 .text.Board_LED_Init
                0x0000000000000510       0x18 /home/amarpreet/Documents/MCUXpresso_10.3.0_2200/workspace/lpc_board_nxp_lpcxpresso_1769/Debug/liblpc_board_nxp_lpcxpresso_1769.a(board.o)
 .text.Board_UART_Init
                0x0000000000000528       0x12 /home/amarpreet/Documents/MCUXpresso_10.3.0_2200/workspace/lpc_board_nxp_lpcxpresso_1769/Debug/liblpc_board_nxp_lpcxpresso_1769.a(board.o)
                0x0000000000000528                Board_UART_Init
 *fill*         0x000000000000053a        0x2 ff
 .text.Board_Debug_Init
                0x000000000000053c       0x30 /home/amarpreet/Documents/MCUXpresso_10.3.0_2200/workspace/lpc_board_nxp_lpcxpresso_1769/Debug/liblpc_board_nxp_lpcxpresso_1769.a(board.o)
                0x000000000000053c                Board_Debug_Init
 .text.Board_LED_Set
                0x000000000000056c       0x30 /home/amarpreet/Documents/MCUXpresso_10.3.0_2200/workspace/lpc_board_nxp_lpcxpresso_1769/Debug/liblpc_board_nxp_lpcxpresso_1769.a(board.o)
                0x000000000000056c                Board_LED_Set
 .text.Board_Init
                0x000000000000059c       0x24 /home/amarpreet/Documents/MCUXpresso_10.3.0_2200/workspace/lpc_board_nxp_lpcxpresso_1769/Debug/liblpc_board_nxp_lpcxpresso_1769.a(board.o)
                0x000000000000059c                Board_Init
 .text.Chip_SYSCTL_SetFLASHAccess
                0x00000000000005c0       0x30 /home/amarpreet/Documents/MCUXpresso_10.3.0_2200/workspace/lpc_board_nxp_lpcxpresso_1769/Debug/liblpc_board_nxp_lpcxpresso_1769.a(board_sysinit.o)
 .text.Board_SetupMuxing
                0x00000000000005f0       0x1c /home/amarpreet/Documents/MCUXpresso_10.3.0_2200/workspace/lpc_board_nxp_lpcxpresso_1769/Debug/liblpc_board_nxp_lpcxpresso_1769.a(board_sysinit.o)
                0x00000000000005f0                Board_SetupMuxing
 .text.Board_SetupClocking
                0x000000000000060c       0x12 /home/amarpreet/Documents/MCUXpresso_10.3.0_2200/workspace/lpc_board_nxp_lpcxpresso_1769/Debug/liblpc_board_nxp_lpcxpresso_1769.a(board_sysinit.o)
                0x000000000000060c                Board_SetupClocking
 .text.Board_SystemInit
                0x000000000000061e       0x10 /home/amarpreet/Documents/MCUXpresso_10.3.0_2200/workspace/lpc_board_nxp_lpcxpresso_1769/Debug/liblpc_board_nxp_lpcxpresso_1769.a(board_sysinit.o)
                0x000000000000061e                Board_SystemInit
 *fill*         0x000000000000062e        0x2 ff
 .text.SystemCoreClockUpdate
                0x0000000000000630       0x18 /home/amarpreet/Documents/MCUXpresso_10.3.0_2200/workspace/lpc_chip_175x_6x/Debug/liblpc_chip_175x_6x.a(chip_17xx_40xx.o)
                0x0000000000000630                SystemCoreClockUpdate
 .text.Chip_Clock_IsMainPLLEnabled
                0x0000000000000648       0x24 /home/amarpreet/Documents/MCUXpresso_10.3.0_2200/workspace/lpc_chip_175x_6x/Debug/liblpc_chip_175x_6x.a(clock_17xx_40xx.o)
 .text.Chip_Clock_IsMainPLLConnected
                0x000000000000066c       0x24 /home/amarpreet/Documents/MCUXpresso_10.3.0_2200/workspace/lpc_chip_175x_6x/Debug/liblpc_chip_175x_6x.a(clock_17xx_40xx.o)
 .text.Chip_Clock_FeedPLL
                0x0000000000000690       0x34 /home/amarpreet/Documents/MCUXpresso_10.3.0_2200/workspace/lpc_chip_175x_6x/Debug/liblpc_chip_175x_6x.a(clock_17xx_40xx.o)
 .text.Chip_Clock_GetMainPLLSource
                0x00000000000006c4       0x20 /home/amarpreet/Documents/MCUXpresso_10.3.0_2200/workspace/lpc_chip_175x_6x/Debug/liblpc_chip_175x_6x.a(clock_17xx_40xx.o)
 .text.Chip_Clock_GetMainOscRate
                0x00000000000006e4       0x14 /home/amarpreet/Documents/MCUXpresso_10.3.0_2200/workspace/lpc_chip_175x_6x/Debug/liblpc_chip_175x_6x.a(clock_17xx_40xx.o)
 .text.Chip_Clock_GetIntOscRate
                0x00000000000006f8       0x14 /home/amarpreet/Documents/MCUXpresso_10.3.0_2200/workspace/lpc_chip_175x_6x/Debug/liblpc_chip_175x_6x.a(clock_17xx_40xx.o)
 .text.Chip_Clock_GetRTCOscRate
                0x000000000000070c       0x14 /home/amarpreet/Documents/MCUXpresso_10.3.0_2200/workspace/lpc_chip_175x_6x/Debug/liblpc_chip_175x_6x.a(clock_17xx_40xx.o)
 .text.Chip_Clock_GetMainPLLInClockRate
                0x0000000000000720        0xe /home/amarpreet/Documents/MCUXpresso_10.3.0_2200/workspace/lpc_chip_175x_6x/Debug/liblpc_chip_175x_6x.a(clock_17xx_40xx.o)
 *fill*         0x000000000000072e        0x2 ff
 .text.Chip_Clock_EnablePLL
                0x0000000000000730       0x44 /home/amarpreet/Documents/MCUXpresso_10.3.0_2200/workspace/lpc_chip_175x_6x/Debug/liblpc_chip_175x_6x.a(clock_17xx_40xx.o)
                0x0000000000000730                Chip_Clock_EnablePLL
 .text.Chip_Clock_DisablePLL
                0x0000000000000774       0x48 /home/amarpreet/Documents/MCUXpresso_10.3.0_2200/workspace/lpc_chip_175x_6x/Debug/liblpc_chip_175x_6x.a(clock_17xx_40xx.o)
                0x0000000000000774                Chip_Clock_DisablePLL
 .text.Chip_Clock_SetupPLL
                0x00000000000007bc       0x5c /home/amarpreet/Documents/MCUXpresso_10.3.0_2200/workspace/lpc_chip_175x_6x/Debug/liblpc_chip_175x_6x.a(clock_17xx_40xx.o)
                0x00000000000007bc                Chip_Clock_SetupPLL
 .text.Chip_Clock_EnablePeriphClock
                0x0000000000000818       0x34 /home/amarpreet/Documents/MCUXpresso_10.3.0_2200/workspace/lpc_chip_175x_6x/Debug/liblpc_chip_175x_6x.a(clock_17xx_40xx.o)
                0x0000000000000818                Chip_Clock_EnablePeriphClock
 .text.Chip_Clock_GetCPUClockSource
                0x000000000000084c       0x24 /home/amarpreet/Documents/MCUXpresso_10.3.0_2200/workspace/lpc_chip_175x_6x/Debug/liblpc_chip_175x_6x.a(clock_17xx_40xx.o)
                0x000000000000084c                Chip_Clock_GetCPUClockSource
 .text.Chip_Clock_SetCPUClockDiv
                0x0000000000000870       0x20 /home/amarpreet/Documents/MCUXpresso_10.3.0_2200/workspace/lpc_chip_175x_6x/Debug/liblpc_chip_175x_6x.a(clock_17xx_40xx.o)
                0x0000000000000870                Chip_Clock_SetCPUClockDiv
 .text.Chip_Clock_GetCPUClockDiv
                0x0000000000000890       0x1c /home/amarpreet/Documents/MCUXpresso_10.3.0_2200/workspace/lpc_chip_175x_6x/Debug/liblpc_chip_175x_6x.a(clock_17xx_40xx.o)
                0x0000000000000890                Chip_Clock_GetCPUClockDiv
 .text.Chip_Clock_GetPCLKDiv
                0x00000000000008ac       0x8c /home/amarpreet/Documents/MCUXpresso_10.3.0_2200/workspace/lpc_chip_175x_6x/Debug/liblpc_chip_175x_6x.a(clock_17xx_40xx.o)
                0x00000000000008ac                Chip_Clock_GetPCLKDiv
 .text.Chip_Clock_GetSYSCLKRate
                0x0000000000000938       0x34 /home/amarpreet/Documents/MCUXpresso_10.3.0_2200/workspace/lpc_chip_175x_6x/Debug/liblpc_chip_175x_6x.a(clock_17xx_40xx.o)
                0x0000000000000938                Chip_Clock_GetSYSCLKRate
 .text.Chip_Clock_GetMainPLLOutClockRate
                0x000000000000096c       0x54 /home/amarpreet/Documents/MCUXpresso_10.3.0_2200/workspace/lpc_chip_175x_6x/Debug/liblpc_chip_175x_6x.a(clock_17xx_40xx.o)
                0x000000000000096c                Chip_Clock_GetMainPLLOutClockRate
 .text.Chip_Clock_GetMainClockRate
                0x00000000000009c0       0x28 /home/amarpreet/Documents/MCUXpresso_10.3.0_2200/workspace/lpc_chip_175x_6x/Debug/liblpc_chip_175x_6x.a(clock_17xx_40xx.o)
                0x00000000000009c0                Chip_Clock_GetMainClockRate
 .text.Chip_Clock_GetSystemClockRate
                0x00000000000009e8       0x18 /home/amarpreet/Documents/MCUXpresso_10.3.0_2200/workspace/lpc_chip_175x_6x/Debug/liblpc_chip_175x_6x.a(clock_17xx_40xx.o)
                0x00000000000009e8                Chip_Clock_GetSystemClockRate
 .text.Chip_Clock_GetPeripheralClockRate
                0x0000000000000a00       0x26 /home/amarpreet/Documents/MCUXpresso_10.3.0_2200/workspace/lpc_chip_175x_6x/Debug/liblpc_chip_175x_6x.a(clock_17xx_40xx.o)
                0x0000000000000a00                Chip_Clock_GetPeripheralClockRate
 .text.Chip_IOCON_PinMuxSet
                0x0000000000000a26       0x36 /home/amarpreet/Documents/MCUXpresso_10.3.0_2200/workspace/lpc_chip_175x_6x/Debug/liblpc_chip_175x_6x.a(iocon_17xx_40xx.o)
                0x0000000000000a26                Chip_IOCON_PinMuxSet
 .text.Chip_IOCON_PinMux
                0x0000000000000a5c       0x94 /home/amarpreet/Documents/MCUXpresso_10.3.0_2200/workspace/lpc_chip_175x_6x/Debug/liblpc_chip_175x_6x.a(iocon_17xx_40xx.o)
                0x0000000000000a5c                Chip_IOCON_PinMux
 .text.Chip_IOCON_SetPinMuxing
                0x0000000000000af0       0x62 /home/amarpreet/Documents/MCUXpresso_10.3.0_2200/workspace/lpc_chip_175x_6x/Debug/liblpc_chip_175x_6x.a(iocon_17xx_40xx.o)
                0x0000000000000af0                Chip_IOCON_SetPinMuxing
 *fill*         0x0000000000000b52        0x2 ff
 .text.Chip_Clock_IsMainPLLEnabled
                0x0000000000000b54       0x24 /home/amarpreet/Documents/MCUXpresso_10.3.0_2200/workspace/lpc_chip_175x_6x/Debug/liblpc_chip_175x_6x.a(sysinit_17xx_40xx.o)
 .text.Chip_Clock_IsMainPLLLocked
                0x0000000000000b78       0x24 /home/amarpreet/Documents/MCUXpresso_10.3.0_2200/workspace/lpc_chip_175x_6x/Debug/liblpc_chip_175x_6x.a(sysinit_17xx_40xx.o)
 .text.Chip_Clock_IsMainPLLConnected
                0x0000000000000b9c       0x24 /home/amarpreet/Documents/MCUXpresso_10.3.0_2200/workspace/lpc_chip_175x_6x/Debug/liblpc_chip_175x_6x.a(sysinit_17xx_40xx.o)
 .text.Chip_Clock_EnableCrystal
                0x0000000000000bc0       0x20 /home/amarpreet/Documents/MCUXpresso_10.3.0_2200/workspace/lpc_chip_175x_6x/Debug/liblpc_chip_175x_6x.a(sysinit_17xx_40xx.o)
 .text.Chip_Clock_IsCrystalEnabled
                0x0000000000000be0       0x24 /home/amarpreet/Documents/MCUXpresso_10.3.0_2200/workspace/lpc_chip_175x_6x/Debug/liblpc_chip_175x_6x.a(sysinit_17xx_40xx.o)
 .text.Chip_Clock_SetMainPLLSource
                0x0000000000000c04       0x20 /home/amarpreet/Documents/MCUXpresso_10.3.0_2200/workspace/lpc_chip_175x_6x/Debug/liblpc_chip_175x_6x.a(sysinit_17xx_40xx.o)
 .text.Chip_SetupXtalClocking
                0x0000000000000c24       0x90 /home/amarpreet/Documents/MCUXpresso_10.3.0_2200/workspace/lpc_chip_175x_6x/Debug/liblpc_chip_175x_6x.a(sysinit_17xx_40xx.o)
                0x0000000000000c24                Chip_SetupXtalClocking
 .text.Chip_UART_SetupFIFOS
                0x0000000000000cb4       0x1a /home/amarpreet/Documents/MCUXpresso_10.3.0_2200/workspace/lpc_chip_175x_6x/Debug/liblpc_chip_175x_6x.a(uart_17xx_40xx.o)
 .text.Chip_UART_ConfigData
                0x0000000000000cce       0x1a /home/amarpreet/Documents/MCUXpresso_10.3.0_2200/workspace/lpc_chip_175x_6x/Debug/liblpc_chip_175x_6x.a(uart_17xx_40xx.o)
 .text.Chip_UART_EnableDivisorAccess
                0x0000000000000ce8       0x1e /home/amarpreet/Documents/MCUXpresso_10.3.0_2200/workspace/lpc_chip_175x_6x/Debug/liblpc_chip_175x_6x.a(uart_17xx_40xx.o)
 .text.Chip_UART_DisableDivisorAccess
                0x0000000000000d06       0x1e /home/amarpreet/Documents/MCUXpresso_10.3.0_2200/workspace/lpc_chip_175x_6x/Debug/liblpc_chip_175x_6x.a(uart_17xx_40xx.o)
 .text.Chip_UART_SetDivisorLatches
                0x0000000000000d24       0x26 /home/amarpreet/Documents/MCUXpresso_10.3.0_2200/workspace/lpc_chip_175x_6x/Debug/liblpc_chip_175x_6x.a(uart_17xx_40xx.o)
 *fill*         0x0000000000000d4a        0x2 ff
 .text.Chip_UART_GetClockIndex
                0x0000000000000d4c       0x50 /home/amarpreet/Documents/MCUXpresso_10.3.0_2200/workspace/lpc_chip_175x_6x/Debug/liblpc_chip_175x_6x.a(uart_17xx_40xx.o)
 .text.Chip_UART_GetClkIndex
                0x0000000000000d9c       0x50 /home/amarpreet/Documents/MCUXpresso_10.3.0_2200/workspace/lpc_chip_175x_6x/Debug/liblpc_chip_175x_6x.a(uart_17xx_40xx.o)
 .text.Chip_UART_Init
                0x0000000000000dec       0x78 /home/amarpreet/Documents/MCUXpresso_10.3.0_2200/workspace/lpc_chip_175x_6x/Debug/liblpc_chip_175x_6x.a(uart_17xx_40xx.o)
                0x0000000000000dec                Chip_UART_Init
 .text.Chip_UART_TXEnable
                0x0000000000000e64       0x18 /home/amarpreet/Documents/MCUXpresso_10.3.0_2200/workspace/lpc_chip_175x_6x/Debug/liblpc_chip_175x_6x.a(uart_17xx_40xx.o)
                0x0000000000000e64                Chip_UART_TXEnable
 .text.Chip_UART_TXDisable
                0x0000000000000e7c       0x18 /home/amarpreet/Documents/MCUXpresso_10.3.0_2200/workspace/lpc_chip_175x_6x/Debug/liblpc_chip_175x_6x.a(uart_17xx_40xx.o)
                0x0000000000000e7c                Chip_UART_TXDisable
 .text.Chip_UART_SetBaud
                0x0000000000000e94       0x62 /home/amarpreet/Documents/MCUXpresso_10.3.0_2200/workspace/lpc_chip_175x_6x/Debug/liblpc_chip_175x_6x.a(uart_17xx_40xx.o)
                0x0000000000000e94                Chip_UART_SetBaud
 .text.__weak_main
                0x0000000000000ef6        0x4 /usr/local/mcuxpressoide-10.3.0_2200/ide/plugins/com.nxp.mcuxpresso.tools.linux_10.3.0.201811011841/tools/bin/../lib/gcc/arm-none-eabi/7.3.1/../../../../arm-none-eabi/lib/thumb/v7-m/libcr_c.a(__weak__main.o)
                0x0000000000000ef6                __main
                0x0000000000000ef6                __weak_main
 *(.rodata .rodata.* .constdata .constdata.*)
 *fill*         0x0000000000000efa        0x2 ff
 .rodata.OscRateIn
                0x0000000000000efc        0x4 /home/amarpreet/Documents/MCUXpresso_10.3.0_2200/workspace/lpc_board_nxp_lpcxpresso_1769/Debug/liblpc_board_nxp_lpcxpresso_1769.a(board.o)
                0x0000000000000efc                OscRateIn
 .rodata.RTCOscRateIn
                0x0000000000000f00        0x4 /home/amarpreet/Documents/MCUXpresso_10.3.0_2200/workspace/lpc_board_nxp_lpcxpresso_1769/Debug/liblpc_board_nxp_lpcxpresso_1769.a(board.o)
                0x0000000000000f00                RTCOscRateIn
 .rodata.pinmuxing
                0x0000000000000f04       0x5c /home/amarpreet/Documents/MCUXpresso_10.3.0_2200/workspace/lpc_board_nxp_lpcxpresso_1769/Debug/liblpc_board_nxp_lpcxpresso_1769.a(board_sysinit.o)
                0x0000000000000f60                . = ALIGN (0x4)

.glue_7         0x0000000000000f60        0x0
 .glue_7        0x0000000000000f60        0x0 linker stubs

.glue_7t        0x0000000000000f60        0x0
 .glue_7t       0x0000000000000f60        0x0 linker stubs

.vfp11_veneer   0x0000000000000f60        0x0
 .vfp11_veneer  0x0000000000000f60        0x0 linker stubs

.v4_bx          0x0000000000000f60        0x0
 .v4_bx         0x0000000000000f60        0x0 linker stubs

.iplt           0x0000000000000f60        0x0
 .iplt          0x0000000000000f60        0x0 ./src/cr_startup_lpc175x_6x.o

.rel.dyn        0x0000000000000f60        0x0
 .rel.iplt      0x0000000000000f60        0x0 ./src/cr_startup_lpc175x_6x.o

.ARM.extab
 *(.ARM.extab* .gnu.linkonce.armextab.*)
                0x0000000000000f60                __exidx_start = .

.ARM.exidx
 *(.ARM.exidx* .gnu.linkonce.armexidx.*)
                0x0000000000000f60                __exidx_end = .
                0x0000000000000f60                _etext = .

.data_RAM2      0x000000002007c000        0x0 load address 0x0000000000000f60
 FILL mask 0xff
                [!provide]                        PROVIDE (__start_data_RAM2 = .)
 *(.ramfunc.$RAM2)
 *(.ramfunc.$RamAHB32)
 *(.data.$RAM2*)
 *(.data.$RamAHB32*)
                0x000000002007c000                . = ALIGN (0x4)
                [!provide]                        PROVIDE (__end_data_RAM2 = .)

.uninit_RESERVED
                0x0000000010000000        0x0
 *(.bss.$RESERVED*)
                0x0000000010000000                . = ALIGN (0x4)
                0x0000000010000000                _end_uninit_RESERVED = .

.data           0x0000000010000000        0x0 load address 0x0000000000000f60
 FILL mask 0xff
                0x0000000010000000                _data = .
 *(vtable)
 *(.ramfunc*)
 *(.data*)
                0x0000000010000000                . = ALIGN (0x4)
                0x0000000010000000                _edata = .

.igot.plt       0x0000000010000000        0x0 load address 0x0000000000000f60
 .igot.plt      0x0000000010000000        0x0 ./src/cr_startup_lpc175x_6x.o

.bss_RAM2       0x000000002007c000        0x0
                [!provide]                        PROVIDE (__start_bss_RAM2 = .)
 *(.bss.$RAM2*)
 *(.bss.$RamAHB32*)
                0x000000002007c000                . = ALIGN ((. != 0x0)?0x4:0x1)
                [!provide]                        PROVIDE (__end_bss_RAM2 = .)

.bss            0x0000000010000000        0x4
                0x0000000010000000                _bss = .
 *(.bss*)
 *(COMMON)
 COMMON         0x0000000010000000        0x4 /home/amarpreet/Documents/MCUXpresso_10.3.0_2200/workspace/lpc_chip_175x_6x/Debug/liblpc_chip_175x_6x.a(chip_17xx_40xx.o)
                0x0000000010000000                SystemCoreClock
                0x0000000010000004                . = ALIGN (0x4)
                0x0000000010000004                _ebss = .
                [!provide]                        PROVIDE (end = .)

.noinit_RAM2    0x000000002007c000        0x0
 *(.noinit.$RAM2*)
 *(.noinit.$RamAHB32*)
                0x000000002007c000                . = ALIGN (0x4)

.noinit         0x0000000010000004        0x0
                0x0000000010000004                _noinit = .
 *(.noinit*)
                0x0000000010000004                . = ALIGN (0x4)
                0x0000000010000004                _end_noinit = .
                [!provide]                        PROVIDE (_pvHeapStart = DEFINED (__user_heap_base)?__user_heap_base:.)
                0x0000000010008000                PROVIDE (_vStackTop = DEFINED (__user_stack_top)?__user_stack_top:(__top_RamLoc32 - 0x0))
                0xffffffffefff74de                PROVIDE (__valid_user_code_checksum = (0x0 - ((((((_vStackTop + (ResetISR + 0x1)) + (NMI_Handler + 0x1)) + (HardFault_Handler + 0x1)) + (DEFINED (MemManage_Handler)?MemManage_Handler:0x0 + 0x1)) + (DEFINED (BusFault_Handler)?BusFault_Handler:0x0 + 0x1)) + (DEFINED (UsageFault_Handler)?UsageFault_Handler:0x0 + 0x1))))
                0x0000000000000000                _image_start = LOADADDR (.text)
                0x0000000000000f60                _image_end = (LOADADDR (.data) + SIZEOF (.data))
                0x0000000000000f60                _image_size = (_image_end - _image_start)
OUTPUT(proj_1.axf elf32-littlearm)

.debug_info     0x0000000000000000     0x4a6e
 .debug_info    0x0000000000000000      0x255 ./src/cr_startup_lpc175x_6x.o
 .debug_info    0x0000000000000255       0x3f ./src/crp.o
 .debug_info    0x0000000000000294      0x23a ./src/proj_1.o
 .debug_info    0x00000000000004ce      0x232 ./src/sysinit.o
 .debug_info    0x0000000000000700     0x150a /home/amarpreet/Documents/MCUXpresso_10.3.0_2200/workspace/lpc_board_nxp_lpcxpresso_1769/Debug/liblpc_board_nxp_lpcxpresso_1769.a(board.o)
 .debug_info    0x0000000000001c0a      0x6c3 /home/amarpreet/Documents/MCUXpresso_10.3.0_2200/workspace/lpc_board_nxp_lpcxpresso_1769/Debug/liblpc_board_nxp_lpcxpresso_1769.a(board_sysinit.o)
 .debug_info    0x00000000000022cd      0x558 /home/amarpreet/Documents/MCUXpresso_10.3.0_2200/workspace/lpc_chip_175x_6x/Debug/liblpc_chip_175x_6x.a(chip_17xx_40xx.o)
 .debug_info    0x0000000000002825      0xba2 /home/amarpreet/Documents/MCUXpresso_10.3.0_2200/workspace/lpc_chip_175x_6x/Debug/liblpc_chip_175x_6x.a(clock_17xx_40xx.o)
 .debug_info    0x00000000000033c7      0x31e /home/amarpreet/Documents/MCUXpresso_10.3.0_2200/workspace/lpc_chip_175x_6x/Debug/liblpc_chip_175x_6x.a(iocon_17xx_40xx.o)
 .debug_info    0x00000000000036e5      0x474 /home/amarpreet/Documents/MCUXpresso_10.3.0_2200/workspace/lpc_chip_175x_6x/Debug/liblpc_chip_175x_6x.a(sysinit_17xx_40xx.o)
 .debug_info    0x0000000000003b59      0xf15 /home/amarpreet/Documents/MCUXpresso_10.3.0_2200/workspace/lpc_chip_175x_6x/Debug/liblpc_chip_175x_6x.a(uart_17xx_40xx.o)

.debug_abbrev   0x0000000000000000     0x12a3
 .debug_abbrev  0x0000000000000000      0x114 ./src/cr_startup_lpc175x_6x.o
 .debug_abbrev  0x0000000000000114       0x36 ./src/crp.o
 .debug_abbrev  0x000000000000014a       0xf0 ./src/proj_1.o
 .debug_abbrev  0x000000000000023a       0xdd ./src/sysinit.o
 .debug_abbrev  0x0000000000000317      0x3c8 /home/amarpreet/Documents/MCUXpresso_10.3.0_2200/workspace/lpc_board_nxp_lpcxpresso_1769/Debug/liblpc_board_nxp_lpcxpresso_1769.a(board.o)
 .debug_abbrev  0x00000000000006df      0x180 /home/amarpreet/Documents/MCUXpresso_10.3.0_2200/workspace/lpc_board_nxp_lpcxpresso_1769/Debug/liblpc_board_nxp_lpcxpresso_1769.a(board_sysinit.o)
 .debug_abbrev  0x000000000000085f      0x151 /home/amarpreet/Documents/MCUXpresso_10.3.0_2200/workspace/lpc_chip_175x_6x/Debug/liblpc_chip_175x_6x.a(chip_17xx_40xx.o)
 .debug_abbrev  0x00000000000009b0      0x309 /home/amarpreet/Documents/MCUXpresso_10.3.0_2200/workspace/lpc_chip_175x_6x/Debug/liblpc_chip_175x_6x.a(clock_17xx_40xx.o)
 .debug_abbrev  0x0000000000000cb9      0x14a /home/amarpreet/Documents/MCUXpresso_10.3.0_2200/workspace/lpc_chip_175x_6x/Debug/liblpc_chip_175x_6x.a(iocon_17xx_40xx.o)
 .debug_abbrev  0x0000000000000e03      0x18e /home/amarpreet/Documents/MCUXpresso_10.3.0_2200/workspace/lpc_chip_175x_6x/Debug/liblpc_chip_175x_6x.a(sysinit_17xx_40xx.o)
 .debug_abbrev  0x0000000000000f91      0x312 /home/amarpreet/Documents/MCUXpresso_10.3.0_2200/workspace/lpc_chip_175x_6x/Debug/liblpc_chip_175x_6x.a(uart_17xx_40xx.o)

.debug_aranges  0x0000000000000000      0x580
 .debug_aranges
                0x0000000000000000       0x80 ./src/cr_startup_lpc175x_6x.o
 .debug_aranges
                0x0000000000000080       0x18 ./src/crp.o
 .debug_aranges
                0x0000000000000098       0x20 ./src/proj_1.o
 .debug_aranges
                0x00000000000000b8       0x20 ./src/sysinit.o
 .debug_aranges
                0x00000000000000d8      0x160 /home/amarpreet/Documents/MCUXpresso_10.3.0_2200/workspace/lpc_board_nxp_lpcxpresso_1769/Debug/liblpc_board_nxp_lpcxpresso_1769.a(board.o)
 .debug_aranges
                0x0000000000000238       0x38 /home/amarpreet/Documents/MCUXpresso_10.3.0_2200/workspace/lpc_board_nxp_lpcxpresso_1769/Debug/liblpc_board_nxp_lpcxpresso_1769.a(board_sysinit.o)
 .debug_aranges
                0x0000000000000270       0x38 /home/amarpreet/Documents/MCUXpresso_10.3.0_2200/workspace/lpc_chip_175x_6x/Debug/liblpc_chip_175x_6x.a(chip_17xx_40xx.o)
 .debug_aranges
                0x00000000000002a8      0x120 /home/amarpreet/Documents/MCUXpresso_10.3.0_2200/workspace/lpc_chip_175x_6x/Debug/liblpc_chip_175x_6x.a(clock_17xx_40xx.o)
 .debug_aranges
                0x00000000000003c8       0x30 /home/amarpreet/Documents/MCUXpresso_10.3.0_2200/workspace/lpc_chip_175x_6x/Debug/liblpc_chip_175x_6x.a(iocon_17xx_40xx.o)
 .debug_aranges
                0x00000000000003f8       0x60 /home/amarpreet/Documents/MCUXpresso_10.3.0_2200/workspace/lpc_chip_175x_6x/Debug/liblpc_chip_175x_6x.a(sysinit_17xx_40xx.o)
 .debug_aranges
                0x0000000000000458      0x128 /home/amarpreet/Documents/MCUXpresso_10.3.0_2200/workspace/lpc_chip_175x_6x/Debug/liblpc_chip_175x_6x.a(uart_17xx_40xx.o)

.debug_ranges   0x0000000000000000      0x4c8
 .debug_ranges  0x0000000000000000       0x70 ./src/cr_startup_lpc175x_6x.o
 .debug_ranges  0x0000000000000070       0x10 ./src/proj_1.o
 .debug_ranges  0x0000000000000080       0x10 ./src/sysinit.o
 .debug_ranges  0x0000000000000090      0x150 /home/amarpreet/Documents/MCUXpresso_10.3.0_2200/workspace/lpc_board_nxp_lpcxpresso_1769/Debug/liblpc_board_nxp_lpcxpresso_1769.a(board.o)
 .debug_ranges  0x00000000000001e0       0x28 /home/amarpreet/Documents/MCUXpresso_10.3.0_2200/workspace/lpc_board_nxp_lpcxpresso_1769/Debug/liblpc_board_nxp_lpcxpresso_1769.a(board_sysinit.o)
 .debug_ranges  0x0000000000000208       0x28 /home/amarpreet/Documents/MCUXpresso_10.3.0_2200/workspace/lpc_chip_175x_6x/Debug/liblpc_chip_175x_6x.a(chip_17xx_40xx.o)
 .debug_ranges  0x0000000000000230      0x110 /home/amarpreet/Documents/MCUXpresso_10.3.0_2200/workspace/lpc_chip_175x_6x/Debug/liblpc_chip_175x_6x.a(clock_17xx_40xx.o)
 .debug_ranges  0x0000000000000340       0x20 /home/amarpreet/Documents/MCUXpresso_10.3.0_2200/workspace/lpc_chip_175x_6x/Debug/liblpc_chip_175x_6x.a(iocon_17xx_40xx.o)
 .debug_ranges  0x0000000000000360       0x50 /home/amarpreet/Documents/MCUXpresso_10.3.0_2200/workspace/lpc_chip_175x_6x/Debug/liblpc_chip_175x_6x.a(sysinit_17xx_40xx.o)
 .debug_ranges  0x00000000000003b0      0x118 /home/amarpreet/Documents/MCUXpresso_10.3.0_2200/workspace/lpc_chip_175x_6x/Debug/liblpc_chip_175x_6x.a(uart_17xx_40xx.o)

.debug_macro    0x0000000000000000     0x5791
 .debug_macro   0x0000000000000000       0x1d ./src/cr_startup_lpc175x_6x.o
 .debug_macro   0x000000000000001d      0xa6c ./src/cr_startup_lpc175x_6x.o
 .debug_macro   0x0000000000000a89       0x1a ./src/crp.o
 .debug_macro   0x0000000000000aa3       0x34 ./src/crp.o
 .debug_macro   0x0000000000000ad7      0x220 ./src/proj_1.o
 .debug_macro   0x0000000000000cf7       0x10 ./src/proj_1.o
 .debug_macro   0x0000000000000d07      0x12d ./src/proj_1.o
 .debug_macro   0x0000000000000e34      0x5b2 ./src/proj_1.o
 .debug_macro   0x00000000000013e6       0x22 ./src/proj_1.o
 .debug_macro   0x0000000000001408       0x7b ./src/proj_1.o
 .debug_macro   0x0000000000001483       0x10 ./src/proj_1.o
 .debug_macro   0x0000000000001493       0x2d ./src/proj_1.o
 .debug_macro   0x00000000000014c0       0x3a ./src/proj_1.o
 .debug_macro   0x00000000000014fa       0x2d ./src/proj_1.o
 .debug_macro   0x0000000000001527      0xbb1 ./src/proj_1.o
 .debug_macro   0x00000000000020d8      0x22c ./src/proj_1.o
 .debug_macro   0x0000000000002304       0x42 ./src/proj_1.o
 .debug_macro   0x0000000000002346       0x52 ./src/proj_1.o
 .debug_macro   0x0000000000002398       0x78 ./src/proj_1.o
 .debug_macro   0x0000000000002410       0x82 ./src/proj_1.o
 .debug_macro   0x0000000000002492      0x48c ./src/proj_1.o
 .debug_macro   0x000000000000291e       0x34 ./src/proj_1.o
 .debug_macro   0x0000000000002952      0x4c5 ./src/proj_1.o
 .debug_macro   0x0000000000002e17      0x1b7 ./src/proj_1.o
 .debug_macro   0x0000000000002fce       0x10 ./src/proj_1.o
 .debug_macro   0x0000000000002fde      0x21b ./src/proj_1.o
 .debug_macro   0x00000000000031f9      0x1b9 ./src/proj_1.o
 .debug_macro   0x00000000000033b2       0x40 ./src/proj_1.o
 .debug_macro   0x00000000000033f2       0x22 ./src/proj_1.o
 .debug_macro   0x0000000000003414      0x162 ./src/proj_1.o
 .debug_macro   0x0000000000003576       0x94 ./src/proj_1.o
 .debug_macro   0x000000000000360a       0xb8 ./src/proj_1.o
 .debug_macro   0x00000000000036c2       0x4c ./src/proj_1.o
 .debug_macro   0x000000000000370e       0x16 ./src/proj_1.o
 .debug_macro   0x0000000000003724      0x328 ./src/proj_1.o
 .debug_macro   0x0000000000003a4c       0x49 ./src/proj_1.o
 .debug_macro   0x0000000000003a95       0x16 ./src/proj_1.o
 .debug_macro   0x0000000000003aab       0xca ./src/proj_1.o
 .debug_macro   0x0000000000003b75       0x18 ./src/proj_1.o
 .debug_macro   0x0000000000003b8d       0x70 ./src/proj_1.o
 .debug_macro   0x0000000000003bfd       0x9a ./src/proj_1.o
 .debug_macro   0x0000000000003c97       0x20 ./src/proj_1.o
 .debug_macro   0x0000000000003cb7       0x28 ./src/proj_1.o
 .debug_macro   0x0000000000003cdf       0x82 ./src/proj_1.o
 .debug_macro   0x0000000000003d61      0x217 ./src/sysinit.o
 .debug_macro   0x0000000000003f78      0x289 /home/amarpreet/Documents/MCUXpresso_10.3.0_2200/workspace/lpc_board_nxp_lpcxpresso_1769/Debug/liblpc_board_nxp_lpcxpresso_1769.a(board.o)
 .debug_macro   0x0000000000004201      0xa66 /home/amarpreet/Documents/MCUXpresso_10.3.0_2200/workspace/lpc_board_nxp_lpcxpresso_1769/Debug/liblpc_board_nxp_lpcxpresso_1769.a(board.o)
 .debug_macro   0x0000000000004c67       0x12 /home/amarpreet/Documents/MCUXpresso_10.3.0_2200/workspace/lpc_board_nxp_lpcxpresso_1769/Debug/liblpc_board_nxp_lpcxpresso_1769.a(board.o)
 .debug_macro   0x0000000000004c79      0x217 /home/amarpreet/Documents/MCUXpresso_10.3.0_2200/workspace/lpc_board_nxp_lpcxpresso_1769/Debug/liblpc_board_nxp_lpcxpresso_1769.a(board_sysinit.o)
 .debug_macro   0x0000000000004e90      0x1cd /home/amarpreet/Documents/MCUXpresso_10.3.0_2200/workspace/lpc_chip_175x_6x/Debug/liblpc_chip_175x_6x.a(chip_17xx_40xx.o)
 .debug_macro   0x000000000000505d      0x1cd /home/amarpreet/Documents/MCUXpresso_10.3.0_2200/workspace/lpc_chip_175x_6x/Debug/liblpc_chip_175x_6x.a(clock_17xx_40xx.o)
 .debug_macro   0x000000000000522a      0x1cd /home/amarpreet/Documents/MCUXpresso_10.3.0_2200/workspace/lpc_chip_175x_6x/Debug/liblpc_chip_175x_6x.a(iocon_17xx_40xx.o)
 .debug_macro   0x00000000000053f7      0x1cd /home/amarpreet/Documents/MCUXpresso_10.3.0_2200/workspace/lpc_chip_175x_6x/Debug/liblpc_chip_175x_6x.a(sysinit_17xx_40xx.o)
 .debug_macro   0x00000000000055c4      0x1cd /home/amarpreet/Documents/MCUXpresso_10.3.0_2200/workspace/lpc_chip_175x_6x/Debug/liblpc_chip_175x_6x.a(uart_17xx_40xx.o)

.debug_line     0x0000000000000000     0x38a7
 .debug_line    0x0000000000000000       0xd3 ./src/cr_startup_lpc175x_6x.o
 .debug_line    0x00000000000000d3       0xb5 ./src/crp.o
 .debug_line    0x0000000000000188      0x5b0 ./src/proj_1.o
 .debug_line    0x0000000000000738      0x515 ./src/sysinit.o
 .debug_line    0x0000000000000c4d      0x8d0 /home/amarpreet/Documents/MCUXpresso_10.3.0_2200/workspace/lpc_board_nxp_lpcxpresso_1769/Debug/liblpc_board_nxp_lpcxpresso_1769.a(board.o)
 .debug_line    0x000000000000151d      0x555 /home/amarpreet/Documents/MCUXpresso_10.3.0_2200/workspace/lpc_board_nxp_lpcxpresso_1769/Debug/liblpc_board_nxp_lpcxpresso_1769.a(board_sysinit.o)
 .debug_line    0x0000000000001a72      0x4d6 /home/amarpreet/Documents/MCUXpresso_10.3.0_2200/workspace/lpc_chip_175x_6x/Debug/liblpc_chip_175x_6x.a(chip_17xx_40xx.o)
 .debug_line    0x0000000000001f48      0x752 /home/amarpreet/Documents/MCUXpresso_10.3.0_2200/workspace/lpc_chip_175x_6x/Debug/liblpc_chip_175x_6x.a(clock_17xx_40xx.o)
 .debug_line    0x000000000000269a      0x4c2 /home/amarpreet/Documents/MCUXpresso_10.3.0_2200/workspace/lpc_chip_175x_6x/Debug/liblpc_chip_175x_6x.a(iocon_17xx_40xx.o)
 .debug_line    0x0000000000002b5c      0x54c /home/amarpreet/Documents/MCUXpresso_10.3.0_2200/workspace/lpc_chip_175x_6x/Debug/liblpc_chip_175x_6x.a(sysinit_17xx_40xx.o)
 .debug_line    0x00000000000030a8      0x7ff /home/amarpreet/Documents/MCUXpresso_10.3.0_2200/workspace/lpc_chip_175x_6x/Debug/liblpc_chip_175x_6x.a(uart_17xx_40xx.o)

.debug_str      0x0000000000000000    0x138c0
 .debug_str     0x0000000000000000     0x2ec1 ./src/cr_startup_lpc175x_6x.o
                                       0x2ed4 (size before relaxing)
 .debug_str     0x0000000000002ec1       0xe9 ./src/crp.o
                                       0x2de1 (size before relaxing)
 .debug_str     0x0000000000002faa     0xe918 ./src/proj_1.o
                                      0x116e1 (size before relaxing)
 .debug_str     0x00000000000118c2       0x1b ./src/sysinit.o
                                      0x112b6 (size before relaxing)
 .debug_str     0x00000000000118dd      0xf9d /home/amarpreet/Documents/MCUXpresso_10.3.0_2200/workspace/lpc_board_nxp_lpcxpresso_1769/Debug/liblpc_board_nxp_lpcxpresso_1769.a(board.o)
                                      0x12181 (size before relaxing)
 .debug_str     0x000000000001287a      0x22d /home/amarpreet/Documents/MCUXpresso_10.3.0_2200/workspace/lpc_board_nxp_lpcxpresso_1769/Debug/liblpc_board_nxp_lpcxpresso_1769.a(board_sysinit.o)
                                      0x116bb (size before relaxing)
 .debug_str     0x0000000000012aa7       0xc5 /home/amarpreet/Documents/MCUXpresso_10.3.0_2200/workspace/lpc_chip_175x_6x/Debug/liblpc_chip_175x_6x.a(chip_17xx_40xx.o)
                                      0x1130b (size before relaxing)
 .debug_str     0x0000000000012b6c      0x857 /home/amarpreet/Documents/MCUXpresso_10.3.0_2200/workspace/lpc_chip_175x_6x/Debug/liblpc_chip_175x_6x.a(clock_17xx_40xx.o)
                                      0x11989 (size before relaxing)
 .debug_str     0x00000000000133c3       0x79 /home/amarpreet/Documents/MCUXpresso_10.3.0_2200/workspace/lpc_chip_175x_6x/Debug/liblpc_chip_175x_6x.a(iocon_17xx_40xx.o)
                                      0x10e06 (size before relaxing)
 .debug_str     0x000000000001343c       0xc4 /home/amarpreet/Documents/MCUXpresso_10.3.0_2200/workspace/lpc_chip_175x_6x/Debug/liblpc_chip_175x_6x.a(sysinit_17xx_40xx.o)
                                      0x10fee (size before relaxing)
 .debug_str     0x0000000000013500      0x3c0 /home/amarpreet/Documents/MCUXpresso_10.3.0_2200/workspace/lpc_chip_175x_6x/Debug/liblpc_chip_175x_6x.a(uart_17xx_40xx.o)
                                      0x1185e (size before relaxing)

.comment        0x0000000000000000       0x7f
 .comment       0x0000000000000000       0x7f ./src/cr_startup_lpc175x_6x.o
                                         0x80 (size before relaxing)
 .comment       0x000000000000007f       0x80 ./src/crp.o
 .comment       0x000000000000007f       0x80 ./src/proj_1.o
 .comment       0x000000000000007f       0x80 ./src/sysinit.o
 .comment       0x000000000000007f       0x80 /home/amarpreet/Documents/MCUXpresso_10.3.0_2200/workspace/lpc_board_nxp_lpcxpresso_1769/Debug/liblpc_board_nxp_lpcxpresso_1769.a(board.o)
 .comment       0x000000000000007f       0x80 /home/amarpreet/Documents/MCUXpresso_10.3.0_2200/workspace/lpc_board_nxp_lpcxpresso_1769/Debug/liblpc_board_nxp_lpcxpresso_1769.a(board_sysinit.o)
 .comment       0x000000000000007f       0x80 /home/amarpreet/Documents/MCUXpresso_10.3.0_2200/workspace/lpc_chip_175x_6x/Debug/liblpc_chip_175x_6x.a(chip_17xx_40xx.o)
 .comment       0x000000000000007f       0x80 /home/amarpreet/Documents/MCUXpresso_10.3.0_2200/workspace/lpc_chip_175x_6x/Debug/liblpc_chip_175x_6x.a(clock_17xx_40xx.o)
 .comment       0x000000000000007f       0x80 /home/amarpreet/Documents/MCUXpresso_10.3.0_2200/workspace/lpc_chip_175x_6x/Debug/liblpc_chip_175x_6x.a(iocon_17xx_40xx.o)
 .comment       0x000000000000007f       0x80 /home/amarpreet/Documents/MCUXpresso_10.3.0_2200/workspace/lpc_chip_175x_6x/Debug/liblpc_chip_175x_6x.a(sysinit_17xx_40xx.o)
 .comment       0x000000000000007f       0x80 /home/amarpreet/Documents/MCUXpresso_10.3.0_2200/workspace/lpc_chip_175x_6x/Debug/liblpc_chip_175x_6x.a(uart_17xx_40xx.o)
 .comment       0x000000000000007f       0x80 /usr/local/mcuxpressoide-10.3.0_2200/ide/plugins/com.nxp.mcuxpresso.tools.linux_10.3.0.201811011841/tools/bin/../lib/gcc/arm-none-eabi/7.3.1/../../../../arm-none-eabi/lib/thumb/v7-m/libcr_c.a(__weak__main.o)

.ARM.attributes
                0x0000000000000000       0x31
 .ARM.attributes
                0x0000000000000000       0x33 ./src/cr_startup_lpc175x_6x.o
 .ARM.attributes
                0x0000000000000033       0x33 ./src/crp.o
 .ARM.attributes
                0x0000000000000066       0x33 ./src/proj_1.o
 .ARM.attributes
                0x0000000000000099       0x33 ./src/sysinit.o
 .ARM.attributes
                0x00000000000000cc       0x33 /home/amarpreet/Documents/MCUXpresso_10.3.0_2200/workspace/lpc_board_nxp_lpcxpresso_1769/Debug/liblpc_board_nxp_lpcxpresso_1769.a(board.o)
 .ARM.attributes
                0x00000000000000ff       0x33 /home/amarpreet/Documents/MCUXpresso_10.3.0_2200/workspace/lpc_board_nxp_lpcxpresso_1769/Debug/liblpc_board_nxp_lpcxpresso_1769.a(board_sysinit.o)
 .ARM.attributes
                0x0000000000000132       0x33 /home/amarpreet/Documents/MCUXpresso_10.3.0_2200/workspace/lpc_chip_175x_6x/Debug/liblpc_chip_175x_6x.a(chip_17xx_40xx.o)
 .ARM.attributes
                0x0000000000000165       0x33 /home/amarpreet/Documents/MCUXpresso_10.3.0_2200/workspace/lpc_chip_175x_6x/Debug/liblpc_chip_175x_6x.a(clock_17xx_40xx.o)
 .ARM.attributes
                0x0000000000000198       0x33 /home/amarpreet/Documents/MCUXpresso_10.3.0_2200/workspace/lpc_chip_175x_6x/Debug/liblpc_chip_175x_6x.a(iocon_17xx_40xx.o)
 .ARM.attributes
                0x00000000000001cb       0x33 /home/amarpreet/Documents/MCUXpresso_10.3.0_2200/workspace/lpc_chip_175x_6x/Debug/liblpc_chip_175x_6x.a(sysinit_17xx_40xx.o)
 .ARM.attributes
                0x00000000000001fe       0x33 /home/amarpreet/Documents/MCUXpresso_10.3.0_2200/workspace/lpc_chip_175x_6x/Debug/liblpc_chip_175x_6x.a(uart_17xx_40xx.o)
 .ARM.attributes
                0x0000000000000231       0x33 /usr/local/mcuxpressoide-10.3.0_2200/ide/plugins/com.nxp.mcuxpresso.tools.linux_10.3.0.201811011841/tools/bin/../lib/gcc/arm-none-eabi/7.3.1/../../../../arm-none-eabi/lib/thumb/v7-m/libcr_c.a(__weak__main.o)

.debug_frame    0x0000000000000000     0x1428
 .debug_frame   0x0000000000000000      0x170 ./src/cr_startup_lpc175x_6x.o
 .debug_frame   0x0000000000000170       0x30 ./src/proj_1.o
 .debug_frame   0x00000000000001a0       0x34 ./src/sysinit.o
 .debug_frame   0x00000000000001d4      0x5d4 /home/amarpreet/Documents/MCUXpresso_10.3.0_2200/workspace/lpc_board_nxp_lpcxpresso_1769/Debug/liblpc_board_nxp_lpcxpresso_1769.a(board.o)
 .debug_frame   0x00000000000007a8       0x8c /home/amarpreet/Documents/MCUXpresso_10.3.0_2200/workspace/lpc_board_nxp_lpcxpresso_1769/Debug/liblpc_board_nxp_lpcxpresso_1769.a(board_sysinit.o)
 .debug_frame   0x0000000000000834       0x88 /home/amarpreet/Documents/MCUXpresso_10.3.0_2200/workspace/lpc_chip_175x_6x/Debug/liblpc_chip_175x_6x.a(chip_17xx_40xx.o)
 .debug_frame   0x00000000000008bc      0x490 /home/amarpreet/Documents/MCUXpresso_10.3.0_2200/workspace/lpc_chip_175x_6x/Debug/liblpc_chip_175x_6x.a(clock_17xx_40xx.o)
 .debug_frame   0x0000000000000d4c       0x80 /home/amarpreet/Documents/MCUXpresso_10.3.0_2200/workspace/lpc_chip_175x_6x/Debug/liblpc_chip_175x_6x.a(iocon_17xx_40xx.o)
 .debug_frame   0x0000000000000dcc      0x12c /home/amarpreet/Documents/MCUXpresso_10.3.0_2200/workspace/lpc_chip_175x_6x/Debug/liblpc_chip_175x_6x.a(sysinit_17xx_40xx.o)
 .debug_frame   0x0000000000000ef8      0x530 /home/amarpreet/Documents/MCUXpresso_10.3.0_2200/workspace/lpc_chip_175x_6x/Debug/liblpc_chip_175x_6x.a(uart_17xx_40xx.o)
